Archive member included because of file (symbol)

NuttX/nuttx/arch/arm/src/libarch.a(stm32_start.o)
                              (__start)
NuttX/nuttx/arch/arm/src/libarch.a(stm32_rcc.o)
                              NuttX/nuttx/arch/arm/src/libarch.a(stm32_start.o) (stm32_clockconfig)
NuttX/nuttx/arch/arm/src/libarch.a(stm32_gpio.o)
                              NuttX/nuttx/arch/arm/src/libarch.a(stm32_start.o) (stm32_gpioinit)
NuttX/nuttx/arch/arm/src/libarch.a(stm32_lowputc.o)
                              NuttX/nuttx/arch/arm/src/libarch.a(stm32_start.o) (stm32_lowsetup)
NuttX/nuttx/arch/arm/src/libarch.a(stm32_serial.o)
                              NuttX/nuttx/arch/arm/src/libarch.a(stm32_start.o) (up_earlyserialinit)
NuttX/nuttx/arch/arm/src/libarch.a(up_modifyreg32.o)
                              NuttX/nuttx/arch/arm/src/libarch.a(stm32_serial.o) (modifyreg32)
NuttX/nuttx/arch/arm/src/libarch.a(up_vectors.o)
                              (_vectors)
NuttX/nuttx/arch/arm/src/libarch.a(up_exception.o)
                              NuttX/nuttx/arch/arm/src/libarch.a(up_vectors.o) (exception_common)
NuttX/nuttx/arch/arm/src/libarch.a(stm32_irq.o)
                              NuttX/nuttx/arch/arm/src/libarch.a(stm32_serial.o) (up_disable_irq)
NuttX/nuttx/arch/arm/src/libarch.a(stm32_dma.o)
                              NuttX/nuttx/arch/arm/src/libarch.a(stm32_serial.o) (stm32_dmachannel)
NuttX/nuttx/arch/arm/src/libarch.a(up_assert.o)
                              NuttX/nuttx/arch/arm/src/libarch.a(stm32_dma.o) (up_assert)
NuttX/nuttx/arch/arm/src/libarch.a(up_doirq.o)
                              NuttX/nuttx/arch/arm/src/libarch.a(up_exception.o) (up_doirq)
NuttX/nuttx/arch/arm/src/libarch.a(up_hardfault.o)
                              NuttX/nuttx/arch/arm/src/libarch.a(stm32_irq.o) (up_hardfault)
NuttX/nuttx/arch/arm/src/libarch.a(up_svcall.o)
                              NuttX/nuttx/arch/arm/src/libarch.a(stm32_irq.o) (up_svcall)
NuttX/nuttx/arch/arm/src/libarch.a(up_checkstack.o)
                              NuttX/nuttx/arch/arm/src/libarch.a(up_assert.o) (up_check_tcbstack)
NuttX/nuttx/arch/arm/src/libarch.a(stm32_vectors.o)
                              NuttX/nuttx/arch/arm/src/libarch.a(up_assert.o) (g_idle_topstack)
NuttX/nuttx/libc/libc.a(arch_memcpy.o)
                              NuttX/nuttx/arch/arm/src/libarch.a(up_svcall.o) (memcpy)
NuttX/nuttx/libc/libc.a(sem_init.o)
                              NuttX/nuttx/arch/arm/src/libarch.a(stm32_dma.o) (sem_init)
NuttX/nuttx/libc/libc.a(lib_abort.o)
                              (abort)
NuttX/nuttx/libc/libc.a(lib_strcpy.o)
                              NuttX/nuttx/arch/arm/src/libarch.a(stm32_serial.o) (strcpy)
NuttX/nuttx/libc/libc.a(lib_syslog.o)
                              NuttX/nuttx/arch/arm/src/libarch.a(up_assert.o) (syslog)
NuttX/nuttx/libc/libc.a(lib_setlogmask.o)
                              NuttX/nuttx/libc/libc.a(lib_syslog.o) (g_syslog_mask)
NuttX/nuttx/libc/libc.a(lib_cfgetspeed.o)
                              NuttX/nuttx/arch/arm/src/libarch.a(stm32_serial.o) (cfgetspeed)
NuttX/nuttx/libc/libc.a(lib_cfsetspeed.o)
                              NuttX/nuttx/arch/arm/src/libarch.a(stm32_serial.o) (cfsetspeed)
NuttX/nuttx/drivers/libdrivers.a(serial.o)
                              NuttX/nuttx/arch/arm/src/libarch.a(stm32_serial.o) (uart_register)
NuttX/nuttx/drivers/libdrivers.a(serial_io.o)
                              NuttX/nuttx/arch/arm/src/libarch.a(stm32_serial.o) (uart_xmitchars)
NuttX/nuttx/drivers/libdrivers.a(vsyslog.o)
                              NuttX/nuttx/libc/libc.a(lib_syslog.o) (_vsyslog)
NuttX/nuttx/drivers/libdrivers.a(syslog_stream.o)
                              NuttX/nuttx/drivers/libdrivers.a(vsyslog.o) (syslogstream_create)
NuttX/nuttx/drivers/libdrivers.a(syslog_emergstream.o)
                              NuttX/nuttx/drivers/libdrivers.a(vsyslog.o) (emergstream)
NuttX/nuttx/drivers/libdrivers.a(syslog_putc.o)
                              NuttX/nuttx/drivers/libdrivers.a(syslog_stream.o) (syslog_putc)
NuttX/nuttx/drivers/libdrivers.a(syslog_force.o)
                              NuttX/nuttx/drivers/libdrivers.a(syslog_emergstream.o) (syslog_force)
NuttX/nuttx/drivers/libdrivers.a(syslog_channel.o)
                              NuttX/nuttx/drivers/libdrivers.a(syslog_putc.o) (g_syslog_channel)
NuttX/nuttx/fs/libfs.a(fs_registerdriver.o)
                              NuttX/nuttx/drivers/libdrivers.a(serial.o) (register_driver)
NuttX/nuttx/fs/libfs.a(fs_inode.o)
                              NuttX/nuttx/fs/libfs.a(fs_registerdriver.o) (inode_semtake)
NuttX/nuttx/fs/libfs.a(fs_inodereserve.o)
                              NuttX/nuttx/fs/libfs.a(fs_registerdriver.o) (inode_reserve)
NuttX/nuttx/fs/libfs.a(fs_inodesearch.o)
                              NuttX/nuttx/fs/libfs.a(fs_inodereserve.o) (inode_nextname)
NuttX/nuttx/mm/libmm.a(umm_zalloc.o)
[...]
Memory Configuration

Name             Origin             Length             Attributes
flash            0x08001000         0x0000f000         xr
sram             0x20000000         0x00002000         xrw
*default*        0x00000000         0xffffffff

Linker script and memory map

LOAD platforms/nuttx/CMakeFiles/nuttx_px4io-v2_default.elf.dir/__/__/src/platforms/empty.c.obj

.text           0x08001000     0xdee8
                0x08001000                _stext = ABSOLUTE (.)
 *(.vectors)
 .vectors       0x08001000      0x134 NuttX/nuttx/arch/arm/src/libarch.a(up_vectors.o)
                0x08001000                _vectors
 *(.text .text.*)
 .text.go_os_start
                0x08001134       0x24 NuttX/nuttx/arch/arm/src/libarch.a(stm32_start.o)
 .text.__start  0x08001158       0x58 NuttX/nuttx/arch/arm/src/libarch.a(stm32_start.o)
                0x08001158                __start
 .text.stm32_clockconfig
                0x080011b0       0xe8 NuttX/nuttx/arch/arm/src/libarch.a(stm32_rcc.o)
                0x080011b0                stm32_clockconfig
 .text.stm32_gpioinit
                0x08001298       0x10 NuttX/nuttx/arch/arm/src/libarch.a(stm32_gpio.o)
                0x08001298                stm32_gpioinit
 .text.stm32_configgpio
                0x080012a8       0xc4 NuttX/nuttx/arch/arm/src/libarch.a(stm32_gpio.o)
                0x080012a8                stm32_configgpio
 .text.stm32_unconfiggpio
                0x0800136c        0xc NuttX/nuttx/arch/arm/src/libarch.a(stm32_gpio.o)
                0x0800136c                stm32_unconfiggpio
 .text.stm32_gpiowrite
                0x08001378       0x28 NuttX/nuttx/arch/arm/src/libarch.a(stm32_gpio.o)
                0x08001378                stm32_gpiowrite
 .text.stm32_gpioread
                0x080013a0       0x2c NuttX/nuttx/arch/arm/src/libarch.a(stm32_gpio.o)
                0x080013a0                stm32_gpioread
 .text.up_lowputc
                0x080013cc       0x18 NuttX/nuttx/arch/arm/src/libarch.a(stm32_lowputc.o)
                0x080013cc                up_lowputc
 .text.stm32_lowsetup
                0x080013e4       0x6c NuttX/nuttx/arch/arm/src/libarch.a(stm32_lowputc.o)
                0x080013e4                stm32_lowsetup
 .text.up_setusartint
                0x08001450       0x26 NuttX/nuttx/arch/arm/src/libarch.a(stm32_serial.o)
 .text.up_restoreusartint
                0x08001476       0x18 NuttX/nuttx/arch/arm/src/libarch.a(stm32_serial.o)
 .text.up_disableusartint
                0x0800148e       0x2e NuttX/nuttx/arch/arm/src/libarch.a(stm32_serial.o)
 .text.up_set_format
                0x080014bc       0x76 NuttX/nuttx/arch/arm/src/libarch.a(stm32_serial.o)
 .text.up_receive
                0x08001532       0x16 NuttX/nuttx/arch/arm/src/libarch.a(stm32_serial.o)
 .text.up_rxint
                0x08001548       0x2e NuttX/nuttx/arch/arm/src/libarch.a(stm32_serial.o)
 .text.up_rxavailable
                0x08001576        0xc NuttX/nuttx/arch/arm/src/libarch.a(stm32_serial.o)
 .text.up_dma_rxint
                0x08001582        0x8 NuttX/nuttx/arch/arm/src/libarch.a(stm32_serial.o)
 .text.up_send  0x0800158a        0x8 NuttX/nuttx/arch/arm/src/libarch.a(stm32_serial.o)
 .text.up_txready
                0x08001592        0xc NuttX/nuttx/arch/arm/src/libarch.a(stm32_serial.o)
 .text.up_txint
                0x0800159e       0x3a NuttX/nuttx/arch/arm/src/libarch.a(stm32_serial.o)
 .text.up_dma_receive
                0x080015d8       0x28 NuttX/nuttx/arch/arm/src/libarch.a(stm32_serial.o)
 .text.up_ioctl
                0x08001600       0xd4 NuttX/nuttx/arch/arm/src/libarch.a(stm32_serial.o)
 .text.up_detach
                0x080016d4       0x1c NuttX/nuttx/arch/arm/src/libarch.a(stm32_serial.o)
 .text.up_attach
                0x080016f0       0x20 NuttX/nuttx/arch/arm/src/libarch.a(stm32_serial.o)
 .text.up_interrupt.isra.0
                0x08001710       0x4e NuttX/nuttx/arch/arm/src/libarch.a(stm32_serial.o)
 *fill*         0x0800175e        0x2 
 .text.up_interrupt_usart1
                0x08001760        0xc NuttX/nuttx/arch/arm/src/libarch.a(stm32_serial.o)
 .text.up_interrupt_usart3
                0x0800176c        0xc NuttX/nuttx/arch/arm/src/libarch.a(stm32_serial.o)
 .text.up_interrupt_usart2
                0x08001778        0xc NuttX/nuttx/arch/arm/src/libarch.a(stm32_serial.o)
 .text.up_dma_rxavailable
                0x08001784       0x18 NuttX/nuttx/arch/arm/src/libarch.a(stm32_serial.o)
 .text.up_dma_rxcallback
                0x0800179c       0x1e NuttX/nuttx/arch/arm/src/libarch.a(stm32_serial.o)
 *fill*         0x080017ba        0x2 
 .text.up_shutdown
                0x080017bc       0x70 NuttX/nuttx/arch/arm/src/libarch.a(stm32_serial.o)
 .text.up_dma_shutdown
                0x0800182c       0x1a NuttX/nuttx/arch/arm/src/libarch.a(stm32_serial.o)
 *fill*         0x08001846        0x2 
 .text.up_setup
                0x08001848       0x98 NuttX/nuttx/arch/arm/src/libarch.a(stm32_serial.o)
 .text.up_dma_setup
                0x080018e0       0x50 NuttX/nuttx/arch/arm/src/libarch.a(stm32_serial.o)
 .text.up_earlyserialinit
                0x08001930       0x34 NuttX/nuttx/arch/arm/src/libarch.a(stm32_serial.o)
                0x08001930                up_earlyserialinit
 .text.up_serialinit
                0x08001964       0x60 NuttX/nuttx/arch/arm/src/libarch.a(stm32_serial.o)
                0x08001964                up_serialinit
 .text.stm32_serial_dma_poll
                0x080019c4       0x34 NuttX/nuttx/arch/arm/src/libarch.a(stm32_serial.o)
                0x080019c4                stm32_serial_dma_poll
 .text.up_putc  0x080019f8       0x34 NuttX/nuttx/arch/arm/src/libarch.a(stm32_serial.o)
                0x080019f8                up_putc
 .text.modifyreg32
                0x08001a2c       0x1e NuttX/nuttx/arch/arm/src/libarch.a(up_modifyreg32.o)
                0x08001a2c                modifyreg32
 .text          0x08001a4a       0x62 NuttX/nuttx/arch/arm/src/libarch.a(up_exception.o)
                0x08001a4a                exception_common
 .text.stm32_irqinfo
                0x08001aac       0x64 NuttX/nuttx/arch/arm/src/libarch.a(stm32_irq.o)
 .text.up_irqinitialize
                0x08001b10       0x8c NuttX/nuttx/arch/arm/src/libarch.a(stm32_irq.o)
                0x08001b10                up_irqinitialize
 .text.up_disable_irq
                0x08001b9c       0x24 NuttX/nuttx/arch/arm/src/libarch.a(stm32_irq.o)
                0x08001b9c                up_disable_irq
 .text.up_enable_irq
                0x08001bc0       0x22 NuttX/nuttx/arch/arm/src/libarch.a(stm32_irq.o)
                0x08001bc0                up_enable_irq
 .text.up_ack_irq
                0x08001be2        0x2 NuttX/nuttx/arch/arm/src/libarch.a(stm32_irq.o)
                0x08001be2                up_ack_irq
 .text.stm32_dmachandisable
                0x08001be4       0x20 NuttX/nuttx/arch/arm/src/libarch.a(stm32_dma.o)
 .text.stm32_dmainterrupt
                0x08001c04       0x54 NuttX/nuttx/arch/arm/src/libarch.a(stm32_dma.o)
 .text.up_dmainitialize
                0x08001c58       0x3c NuttX/nuttx/arch/arm/src/libarch.a(stm32_dma.o)
                0x08001c58                up_dmainitialize
 .text.stm32_dmachannel
                0x08001c94       0x34 NuttX/nuttx/arch/arm/src/libarch.a(stm32_dma.o)
                0x08001c94                stm32_dmachannel
 .text.stm32_dmafree
                0x08001cc8        0x6 NuttX/nuttx/arch/arm/src/libarch.a(stm32_dma.o)
                0x08001cc8                stm32_dmafree
 .text.stm32_dmasetup
                0x08001cce       0x34 NuttX/nuttx/arch/arm/src/libarch.a(stm32_dma.o)
                0x08001cce                stm32_dmasetup
 .text.stm32_dmastart
                0x08001d02       0x28 NuttX/nuttx/arch/arm/src/libarch.a(stm32_dma.o)
                0x08001d02                stm32_dmastart
 .text.stm32_dmastop
                0x08001d2a        0x4 NuttX/nuttx/arch/arm/src/libarch.a(stm32_dma.o)
                0x08001d2a                stm32_dmastop
 .text.stm32_dmaresidual
                0x08001d2e        0x6 NuttX/nuttx/arch/arm/src/libarch.a(stm32_dma.o)
                0x08001d2e                stm32_dmaresidual
 .text.up_taskdump
                0x08001d34       0x30 NuttX/nuttx/arch/arm/src/libarch.a(up_assert.o)
 .text.up_assert
                0x08001d64      0x1b8 NuttX/nuttx/arch/arm/src/libarch.a(up_assert.o)
                0x08001d64                up_assert
 .text.up_doirq
                0x08001f1c       0x24 NuttX/nuttx/arch/arm/src/libarch.a(up_doirq.o)
                0x08001f1c                up_doirq
 .text.up_hardfault
                0x08001f40       0x34 NuttX/nuttx/arch/arm/src/libarch.a(up_hardfault.o)
                0x08001f40                up_hardfault
 .text.up_svcall
                0x08001f74       0x34 NuttX/nuttx/arch/arm/src/libarch.a(up_svcall.o)
                0x08001f74                up_svcall
 .text.up_check_tcbstack
                0x08001fa8       0x30 NuttX/nuttx/arch/arm/src/libarch.a(up_checkstack.o)
                0x08001fa8                up_check_tcbstack
 *fill*         0x08001fd8        0x8 
 .text          0x08001fe0      0x230 NuttX/nuttx/libc/libc.a(arch_memcpy.o)
                0x08002000                memcpy
 .text.sem_init
                0x08002210       0x20 NuttX/nuttx/libc/libc.a(sem_init.o)
                0x08002210                sem_init
 .text.abort    0x08002230        0x8 NuttX/nuttx/libc/libc.a(lib_abort.o)
                0x08002230                abort
 .text.strcpy   0x08002238       0x10 NuttX/nuttx/libc/libc.a(lib_strcpy.o)
                0x08002238                strcpy
 .text.vsyslog  0x08002248       0x24 NuttX/nuttx/libc/libc.a(lib_syslog.o)
                0x08002248                vsyslog
 .text.syslog   0x0800226c       0x1a NuttX/nuttx/libc/libc.a(lib_syslog.o)
                0x0800226c                syslog
 .text.cfgetspeed
                0x08002286        0x4 NuttX/nuttx/libc/libc.a(lib_cfgetspeed.o)
                0x08002286                cfgetspeed
 .text.cfsetspeed
                0x0800228a        0x6 NuttX/nuttx/libc/libc.a(lib_cfsetspeed.o)
                0x0800228a                cfsetspeed
 .text.uart_takesem
                0x08002290       0x30 NuttX/nuttx/drivers/libdrivers.a(serial.o)
 .text.uart_tcdrain
                0x080022c0       0x80 NuttX/nuttx/drivers/libdrivers.a(serial.o)
 .text.uart_ioctl
                0x08002340      0x144 NuttX/nuttx/drivers/libdrivers.a(serial.o)
 .text.uart_putxmitchar
                0x08002484       0x90 NuttX/nuttx/drivers/libdrivers.a(serial.o)
 .text.uart_read
                0x08002514       0xe2 NuttX/nuttx/drivers/libdrivers.a(serial.o)
 .text.uart_open
                0x080025f6       0x90 NuttX/nuttx/drivers/libdrivers.a(serial.o)
 .text.uart_close
                0x08002686       0x8e NuttX/nuttx/drivers/libdrivers.a(serial.o)
 .text.uart_write
                0x08002714      0x104 NuttX/nuttx/drivers/libdrivers.a(serial.o)
 .text.uart_register
                0x08002818       0x70 NuttX/nuttx/drivers/libdrivers.a(serial.o)
                0x08002818                uart_register
 .text.uart_datareceived
                0x08002888       0x10 NuttX/nuttx/drivers/libdrivers.a(serial.o)
                0x08002888                uart_datareceived
 .text.uart_datasent
                0x08002898       0x10 NuttX/nuttx/drivers/libdrivers.a(serial.o)
                0x08002898                uart_datasent
 .text.uart_xmitchars
                0x080028a8       0x70 NuttX/nuttx/drivers/libdrivers.a(serial_io.o)
                0x080028a8                uart_xmitchars
 .text.uart_recvchars
                0x08002918       0x68 NuttX/nuttx/drivers/libdrivers.a(serial_io.o)
                0x08002918                uart_recvchars
 .text._vsyslog
                0x08002980       0x26 NuttX/nuttx/drivers/libdrivers.a(vsyslog.o)
                0x08002980                _vsyslog
 .text.syslogstream_putc
                0x080029a6       0x28 NuttX/nuttx/drivers/libdrivers.a(syslog_stream.o)
 *fill*         0x080029ce        0x2 
 .text.syslogstream_create
                0x080029d0       0x18 NuttX/nuttx/drivers/libdrivers.a(syslog_stream.o)
                0x080029d0                syslogstream_create
 .text.emergstream_putc
                0x080029e8       0x24 NuttX/nuttx/drivers/libdrivers.a(syslog_emergstream.o)
 .text.emergstream
                0x08002a0c       0x18 NuttX/nuttx/drivers/libdrivers.a(syslog_emergstream.o)
                0x08002a0c                emergstream
 .text.syslog_putc
                0x08002a24       0x2c NuttX/nuttx/drivers/libdrivers.a(syslog_putc.o)
                0x08002a24                syslog_putc
 .text.syslog_force
                0x08002a50        0xc NuttX/nuttx/drivers/libdrivers.a(syslog_force.o)
                0x08002a50                syslog_force
 .text.syslog_default_flush
                0x08002a5c        0x4 NuttX/nuttx/drivers/libdrivers.a(syslog_channel.o)
 .text.syslog_channel
                0x08002a60       0x14 NuttX/nuttx/drivers/libdrivers.a(syslog_channel.o)
                0x08002a60                syslog_channel
 .text.register_driver
                0x08002a74       0x32 NuttX/nuttx/fs/libfs.a(fs_registerdriver.o)
                0x08002a74                register_driver
 *fill*         0x08002aa6        0x2 
 .text.inode_initialize
                0x08002aa8       0x2c NuttX/nuttx/fs/libfs.a(fs_inode.o)
                0x08002aa8                inode_initialize
 .text.inode_semtake
                0x08002ad4       0x48 NuttX/nuttx/fs/libfs.a(fs_inode.o)
                0x08002ad4                inode_semtake
 .text.inode_semgive
                0x08002b1c       0x24 NuttX/nuttx/fs/libfs.a(fs_inode.o)
                0x08002b1c                inode_semgive
 .text.inode_alloc
                0x08002b40       0x3c NuttX/nuttx/fs/libfs.a(fs_inodereserve.o)
 .text.inode_reserve
                0x08002b7c       0xa8 NuttX/nuttx/fs/libfs.a(fs_inodereserve.o)
                0x08002b7c                inode_reserve
 .text.inode_nextname
                0x08002c24       0x18 NuttX/nuttx/fs/libfs.a(fs_inodesearch.o)
                0x08002c24                inode_nextname
 .text.inode_search
                0x08002c3c       0xb4 NuttX/nuttx/fs/libfs.a(fs_inodesearch.o)
                0x08002c3c                inode_search
 .text.zalloc   0x08002cf0        0xc NuttX/nuttx/mm/libmm.a(umm_zalloc.o)
                0x08002cf0                zalloc
 .text.mm_zalloc
                0x08002cfc       0x18 NuttX/nuttx/mm/libmm.a(mm_zalloc.o)
                0x08002cfc                mm_zalloc
 .text.mm_malloc
                0x08002d14       0x92 NuttX/nuttx/mm/libmm.a(mm_malloc.o)
                0x08002d14                mm_malloc
 .text.mm_seminitialize
                0x08002da6       0x18 NuttX/nuttx/mm/libmm.a(mm_sem.o)
                0x08002da6                mm_seminitialize
 .text.mm_trysemaphore
                0x08002dbe       0x32 NuttX/nuttx/mm/libmm.a(mm_sem.o)
                0x08002dbe                mm_trysemaphore
 .text.mm_takesemaphore
                0x08002df0       0x40 NuttX/nuttx/mm/libmm.a(mm_sem.o)
                0x08002df0                mm_takesemaphore
 .text.mm_givesemaphore
                0x08002e30       0x2c NuttX/nuttx/mm/libmm.a(mm_sem.o)
                0x08002e30                mm_givesemaphore
 .text.mm_addfreechunk
                0x08002e5c       0x36 NuttX/nuttx/mm/libmm.a(mm_addfreechunk.o)
                0x08002e5c                mm_addfreechunk
 .text.mm_size2ndx
                0x08002e92       0x1a NuttX/nuttx/mm/libmm.a(mm_size2ndx.o)
                0x08002e92                mm_size2ndx
 .text.get_errno_ptr
                0x08002eac       0x24 NuttX/nuttx/sched/libsched.a(errno_getptr.o)
                0x08002eac                get_errno_ptr
 .text.os_start
                0x08002ed0      0x14c NuttX/nuttx/sched/libsched.a(os_start.o)
                0x08002ed0                os_start
 .text.os_bringup
                0x0800301c       0x34 NuttX/nuttx/sched/libsched.a(os_bringup.o)
                0x0800301c                os_bringup
 .text.irq_attach
                0x08003050       0x4c NuttX/nuttx/sched/libsched.a(irq_attach.o)
                0x08003050                irq_attach
 .text.irq_dispatch
                0x0800309c       0x18 NuttX/nuttx/sched/libsched.a(irq_dispatch.o)
                0x0800309c                irq_dispatch
 .text.irq_unexpected_isr
                0x080030b4       0x18 NuttX/nuttx/sched/libsched.a(irq_unexpectedisr.o)
                0x080030b4                irq_unexpected_isr
 .text.sched_garbage_collection
                0x080030cc       0x2c NuttX/nuttx/sched/libsched.a(sched_garbage.o)
                0x080030cc                sched_garbage_collection
 .text.sched_have_garbage
                0x080030f8       0x10 NuttX/nuttx/sched/libsched.a(sched_garbage.o)
                0x080030f8                sched_have_garbage
 .text.sched_foreach
                0x08003108       0x30 NuttX/nuttx/sched/libsched.a(sched_foreach.o)
                0x08003108                sched_foreach
 .text.sched_idletask
                0x08003138       0x18 NuttX/nuttx/sched/libsched.a(sched_idletask.o)
                0x08003138                sched_idletask
 .text.sem_wait
                0x08003150       0x84 NuttX/nuttx/sched/libsched.a(sem_wait.o)
                0x08003150                sem_wait
 .text.sem_trywait
                0x080031d4       0x50 NuttX/nuttx/sched/libsched.a(sem_trywait.o)
                0x080031d4                sem_trywait
 .text.sem_post
                0x08003224       0x68 NuttX/nuttx/sched/libsched.a(sem_post.o)
                0x08003224                sem_post
 .text.sem_reset
                0x0800328c       0x46 NuttX/nuttx/sched/libsched.a(sem_reset.o)
                0x0800328c                sem_reset
 *fill*         0x080032d2        0x2 
 .text.thread_create
                0x080032d4       0xa8 NuttX/nuttx/sched/libsched.a(task_create.o)
 .text.task_create
                0x0800337c       0x1a NuttX/nuttx/sched/libsched.a(task_create.o)
                0x0800337c                task_create
 *fill*         0x08003396        0x2 
 .text.task_schedsetup
                0x08003398       0xb8 NuttX/nuttx/sched/libsched.a(task_setup.o)
                0x08003398                task_schedsetup
 .text.task_argsetup
                0x08003450       0xd0 NuttX/nuttx/sched/libsched.a(task_setup.o)
                0x08003450                task_argsetup
 .text.task_activate
                0x08003520       0x1a NuttX/nuttx/sched/libsched.a(task_activate.o)
                0x08003520                task_activate
 *fill*         0x0800353a        0x2 
 .text.task_start
                0x0800353c       0x2c NuttX/nuttx/sched/libsched.a(task_start.o)
                0x0800353c                task_start
 .text.getpid   0x08003568       0x10 NuttX/nuttx/sched/libsched.a(task_getpid.o)
                0x08003568                getpid
 .text.exit     0x08003578       0x1c NuttX/nuttx/sched/libsched.a(exit.o)
                0x08003578                exit
 .text.group_allocate
                0x08003594       0x18 NuttX/nuttx/sched/libsched.a(group_create.o)
                0x08003594                group_allocate
 .text.group_initialize
                0x080035ac        0xa NuttX/nuttx/sched/libsched.a(group_create.o)
                0x080035ac                group_initialize
 *fill*         0x080035b6        0x2 
 .text.group_setupidlefiles
                0x080035b8       0x38 NuttX/nuttx/sched/libsched.a(group_setupidlefiles.o)
                0x080035b8                group_setupidlefiles
 .text.group_setuptaskfiles
                0x080035f0        0xe NuttX/nuttx/sched/libsched.a(group_setuptaskfiles.o)
                0x080035f0                group_setuptaskfiles
 *fill*         0x080035fe        0x2 
 .text.irq_initialize
                0x08003600       0x1c NuttX/nuttx/sched/libsched.a(irq_initialize.o)
                0x08003600                irq_initialize
 .text.sched_releasetcb
                0x0800361c       0x40 NuttX/nuttx/sched/libsched.a(sched_releasetcb.o)
                0x0800361c                sched_releasetcb
 .text.sched_lock
                0x0800365c       0x1c NuttX/nuttx/sched/libsched.a(sched_lock.o)
                0x0800365c                sched_lock
 .text.sched_unlock
                0x08003678       0x50 NuttX/nuttx/sched/libsched.a(sched_unlock.o)
                0x08003678                sched_unlock
 .text.task_exithook
                0x080036c8       0x1e NuttX/nuttx/sched/libsched.a(task_exithook.o)
                0x080036c8                task_exithook
 .text.task_recover
                0x080036e6       0x12 NuttX/nuttx/sched/libsched.a(task_recover.o)
                0x080036e6                task_recover
 .text.wd_recover
                0x080036f8       0x28 NuttX/nuttx/sched/libsched.a(wd_recover.o)
                0x080036f8                wd_recover
 .text.group_leave
                0x08003720       0x26 NuttX/nuttx/sched/libsched.a(group_leave.o)
                0x08003720                group_leave
 *fill*         0x08003746        0x2 
 .text.sched_ufree
                0x08003748       0x40 NuttX/nuttx/sched/libsched.a(sched_free.o)
                0x08003748                sched_ufree
 .text.sem_recover
                0x08003788       0x26 NuttX/nuttx/sched/libsched.a(sem_recover.o)
                0x08003788                sem_recover
 *fill*         0x080037ae        0x2 
 .text.wd_cancel
                0x080037b0       0x70 NuttX/nuttx/sched/libsched.a(wd_cancel.o)
                0x080037b0                wd_cancel
 .text.wd_delete
                0x08003820       0x54 NuttX/nuttx/sched/libsched.a(wd_delete.o)
                0x08003820                wd_delete
 .text.wd_initialize
                0x08003874       0x3c NuttX/nuttx/sched/libsched.a(wd_initialize.o)
                0x08003874                wd_initialize
 .text.up_allocate_heap
                0x080038b0       0x14 NuttX/nuttx/arch/arm/src/libarch.a(stm32_allocateheap.o)
                0x080038b0                up_allocate_heap
 .text.up_idle  0x080038c4        0x2 NuttX/nuttx/arch/arm/src/libarch.a(stm32_idle.o)
                0x080038c4                up_idle
 *fill*         0x080038c6        0x2 
 .text.up_block_task
                0x080038c8       0x74 NuttX/nuttx/arch/arm/src/libarch.a(up_blocktask.o)
                0x080038c8                up_block_task
 .text.up_copyfullstate
                0x0800393c       0x16 NuttX/nuttx/arch/arm/src/libarch.a(up_copyfullstate.o)
                0x0800393c                up_copyfullstate
 *fill*         0x08003952        0x2 
 .text.up_stack_color
                0x08003954       0x28 NuttX/nuttx/arch/arm/src/libarch.a(up_createstack.o)
                0x08003954                up_stack_color
 .text.up_create_stack
                0x0800397c       0x46 NuttX/nuttx/arch/arm/src/libarch.a(up_createstack.o)
                0x0800397c                up_create_stack
 .text.up_mdelay
                0x080039c2       0x28 NuttX/nuttx/arch/arm/src/libarch.a(up_mdelay.o)
                0x080039c2                up_mdelay
 *fill*         0x080039ea        0x2 
 .text._exit    0x080039ec       0x20 NuttX/nuttx/arch/arm/src/libarch.a(up_exit.o)
                0x080039ec                _exit
 .text.up_initialize
                0x08003a0c       0x30 NuttX/nuttx/arch/arm/src/libarch.a(up_initialize.o)
                0x08003a0c                up_initialize
 .text.up_initial_state
                0x08003a3c       0x2e NuttX/nuttx/arch/arm/src/libarch.a(up_initialstate.o)
                0x08003a3c                up_initial_state
 *fill*         0x08003a6a        0x2 
 .text.up_interrupt_context
                0x08003a6c       0x10 NuttX/nuttx/arch/arm/src/libarch.a(up_interruptcontext.o)
                0x08003a6c                up_interrupt_context
 .text.up_release_pending
                0x08003a7c       0x38 NuttX/nuttx/arch/arm/src/libarch.a(up_releasepending.o)
                0x08003a7c                up_release_pending
 .text.up_release_stack
                0x08003ab4       0x16 NuttX/nuttx/arch/arm/src/libarch.a(up_releasestack.o)
                0x08003ab4                up_release_stack
 .text.up_stack_frame
                0x08003aca       0x26 NuttX/nuttx/arch/arm/src/libarch.a(up_stackframe.o)
                0x08003aca                up_stack_frame
 .text.up_unblock_task
                0x08003af0       0x54 NuttX/nuttx/arch/arm/src/libarch.a(up_unblocktask.o)
                0x08003af0                up_unblock_task
 .text          0x08003b44        0xa NuttX/nuttx/arch/arm/src/libarch.a(up_fullcontextrestore.o)
                0x08003b44                up_fullcontextrestore
 .text          0x08003b4e        0xc NuttX/nuttx/arch/arm/src/libarch.a(up_switchcontext.o)
                0x08003b4e                up_switchcontext
 .text.stm32_timerisr
                0x08003b5a        0xa NuttX/nuttx/arch/arm/src/libarch.a(stm32_timerisr.o)
 .text.arm_timer_initialize
                0x08003b64       0x44 NuttX/nuttx/arch/arm/src/libarch.a(stm32_timerisr.o)
                0x08003b64                arm_timer_initialize
 .text.sq_addlast
                0x08003ba8       0x14 NuttX/nuttx/libc/libc.a(sq_addlast.o)
                0x08003ba8                sq_addlast
 .text.sq_remfirst
                0x08003bbc       0x14 NuttX/nuttx/libc/libc.a(sq_remfirst.o)
                0x08003bbc                sq_remfirst
 .text.sq_remafter
                0x08003bd0       0x22 NuttX/nuttx/libc/libc.a(sq_remafter.o)
                0x08003bd0                sq_remafter
 .text.dq_addfirst
                0x08003bf2       0x18 NuttX/nuttx/libc/libc.a(dq_addfirst.o)
                0x08003bf2                dq_addfirst
 .text.dq_rem   0x08003c0a       0x1c NuttX/nuttx/libc/libc.a(dq_rem.o)
                0x08003c0a                dq_rem
 .text.sem_setprotocol
                0x08003c26       0x22 NuttX/nuttx/libc/libc.a(sem_setprotocol.o)
                0x08003c26                sem_setprotocol
 .text.utodec   0x08003c48       0x24 NuttX/nuttx/libc/libc.a(lib_libvsprintf.o)
 .text.utooct   0x08003c6c       0x1e NuttX/nuttx/libc/libc.a(lib_libvsprintf.o)
 .text.utobin   0x08003c8a       0x1e NuttX/nuttx/libc/libc.a(lib_libvsprintf.o)
 .text.prejustify
                0x08003ca8       0x8a NuttX/nuttx/libc/libc.a(lib_libvsprintf.o)
 .text.utohex   0x08003d32       0x4c NuttX/nuttx/libc/libc.a(lib_libvsprintf.o)
 .text.utoascii
                0x08003d7e       0x88 NuttX/nuttx/libc/libc.a(lib_libvsprintf.o)
 *fill*         0x08003e06        0x2 
 .text.lib_vsprintf
                0x08003e08      0x24c NuttX/nuttx/libc/libc.a(lib_libvsprintf.o)
                0x08003e08                lib_vsprintf
 .text.nulloutstream_putc
                0x08004054        0x8 NuttX/nuttx/libc/libc.a(lib_nulloutstream.o)
 .text.lib_nulloutstream
                0x0800405c       0x18 NuttX/nuttx/libc/libc.a(lib_nulloutstream.o)
                0x0800405c                lib_nulloutstream
 .text.lib_noflush
                0x08004074        0x4 NuttX/nuttx/libc/libc.a(lib_libnoflush.o)
                0x08004074                lib_noflush
 .text.memset   0x08004078       0x10 NuttX/nuttx/libc/libc.a(lib_memset.o)
                0x08004078                memset
 .text.strchr   0x08004088       0x16 NuttX/nuttx/libc/libc.a(lib_strchr.o)
                0x08004088                strchr
 .text.strlen   0x0800409e       0x10 NuttX/nuttx/libc/libc.a(lib_strlen.o)
                0x0800409e                strlen
 .text.strnlen  0x080040ae       0x18 NuttX/nuttx/libc/libc.a(lib_strnlen.o)
                0x080040ae                strnlen
 .text.strncpy  0x080040c6       0x24 NuttX/nuttx/libc/libc.a(lib_strncpy.o)
                0x080040c6                strncpy
 .text.syslog_initialize
                0x080040ea        0xc NuttX/nuttx/drivers/libdrivers.a(syslog_initialize.o)
                0x080040ea                syslog_initialize
 *fill*         0x080040f6        0x2 
 .text.syslog_console_channel
                0x080040f8       0x28 NuttX/nuttx/drivers/libdrivers.a(syslog_consolechannel.o)
                0x080040f8                syslog_console_channel
 .text.syslog_dev_takesem
                0x08004120       0x38 NuttX/nuttx/drivers/libdrivers.a(syslog_device.o)
 .text.syslog_dev_initialize
                0x08004158       0x7c NuttX/nuttx/drivers/libdrivers.a(syslog_device.o)
                0x08004158                syslog_dev_initialize
 .text.syslog_dev_outputready
                0x080041d4       0x64 NuttX/nuttx/drivers/libdrivers.a(syslog_device.o)
 .text.syslog_dev_putc
                0x08004238       0x6c NuttX/nuttx/drivers/libdrivers.a(syslog_device.o)
                0x08004238                syslog_dev_putc
 .text.syslog_dev_flush
                0x080042a4        0x4 NuttX/nuttx/drivers/libdrivers.a(syslog_device.o)
                0x080042a4                syslog_dev_flush
 .text.fs_initialize
                0x080042a8        0x4 NuttX/nuttx/fs/libfs.a(fs_initialize.o)
                0x080042a8                fs_initialize
 .text._files_close
                0x080042ac       0x2a NuttX/nuttx/fs/libfs.a(fs_files.o)
 *fill*         0x080042d6        0x2 
 .text._files_semtake
                0x080042d8       0x24 NuttX/nuttx/fs/libfs.a(fs_files.o)
 .text.files_initialize
                0x080042fc        0x2 NuttX/nuttx/fs/libfs.a(fs_files.o)
                0x080042fc                files_initialize
 .text.files_initlist
                0x080042fe        0x8 NuttX/nuttx/fs/libfs.a(fs_files.o)
                0x080042fe                files_initlist
 .text.files_releaselist
                0x08004306       0x20 NuttX/nuttx/fs/libfs.a(fs_files.o)
                0x08004306                files_releaselist
 .text.file_dup2
                0x08004326       0x86 NuttX/nuttx/fs/libfs.a(fs_files.o)
                0x08004326                file_dup2
 .text.files_allocate
                0x080043ac       0x52 NuttX/nuttx/fs/libfs.a(fs_files.o)
                0x080043ac                files_allocate
 .text.files_close
                0x080043fe       0x32 NuttX/nuttx/fs/libfs.a(fs_files.o)
                0x080043fe                files_close
 .text.files_release
                0x08004430       0x2c NuttX/nuttx/fs/libfs.a(fs_files.o)
                0x08004430                files_release
 .text.inode_addref
                0x0800445c       0x1a NuttX/nuttx/fs/libfs.a(fs_inodeaddref.o)
                0x0800445c                inode_addref
 .text.inode_release
                0x08004476       0x38 NuttX/nuttx/fs/libfs.a(fs_inoderelease.o)
                0x08004476                inode_release
 .text.file_detach
                0x080044ae       0x58 NuttX/nuttx/fs/libfs.a(fs_filedetach.o)
                0x080044ae                file_detach
 .text.close    0x08004506       0x24 NuttX/nuttx/fs/libfs.a(fs_close.o)
                0x08004506                close
 .text.dup2     0x0800452a       0x3e NuttX/nuttx/fs/libfs.a(fs_dupfd2.o)
                0x0800452a                dup2
 .text.fs_getfilep
                0x08004568       0x26 NuttX/nuttx/fs/libfs.a(fs_getfilep.o)
                0x08004568                fs_getfilep
 .text.inode_checkflags
                0x0800458e       0x28 NuttX/nuttx/fs/libfs.a(fs_open.o)
                0x0800458e                inode_checkflags
 .text.open     0x080045b6       0x8e NuttX/nuttx/fs/libfs.a(fs_open.o)
                0x080045b6                open
 .text.file_write
                0x08004644       0x2c NuttX/nuttx/fs/libfs.a(fs_write.o)
                0x08004644                file_write
 .text.write    0x08004670       0x30 NuttX/nuttx/fs/libfs.a(fs_write.o)
                0x08004670                write
 .text.inode_find
                0x080046a0       0x22 NuttX/nuttx/fs/libfs.a(fs_inodefind.o)
                0x080046a0                inode_find
 .text.inode_free
                0x080046c2       0x1e NuttX/nuttx/fs/libfs.a(fs_inodefree.o)
                0x080046c2                inode_free
 .text.umm_initialize
                0x080046e0       0x10 NuttX/nuttx/mm/libmm.a(umm_initialize.o)
                0x080046e0                umm_initialize
 .text.umm_trysemaphore
                0x080046f0        0xc NuttX/nuttx/mm/libmm.a(umm_sem.o)
                0x080046f0                umm_trysemaphore
 .text.umm_givesemaphore
                0x080046fc        0xc NuttX/nuttx/mm/libmm.a(umm_sem.o)
                0x080046fc                umm_givesemaphore
 .text.free     0x08004708        0xc NuttX/nuttx/mm/libmm.a(umm_free.o)
                0x08004708                free
 .text.malloc   0x08004714        0xc NuttX/nuttx/mm/libmm.a(umm_malloc.o)
                0x08004714                malloc
 .text.mm_addregion
                0x08004720       0x50 NuttX/nuttx/mm/libmm.a(mm_initialize.o)
                0x08004720                mm_addregion
 .text.mm_initialize
                0x08004770       0x40 NuttX/nuttx/mm/libmm.a(mm_initialize.o)
                0x08004770                mm_initialize
 .text.mm_free  0x080047b0       0xa4 NuttX/nuttx/mm/libmm.a(mm_free.o)
                0x080047b0                mm_free
 .text.sched_getfiles
                0x08004854       0x10 NuttX/nuttx/sched/libsched.a(sched_getfiles.o)
                0x08004854                sched_getfiles
 .text.sched_addreadytorun
                0x08004864       0x4c NuttX/nuttx/sched/libsched.a(sched_addreadytorun.o)
                0x08004864                sched_addreadytorun
 .text.sched_removereadytorun
                0x080048b0       0x28 NuttX/nuttx/sched/libsched.a(sched_removereadytorun.o)
                0x080048b0                sched_removereadytorun
 .text.sched_addprioritized
                0x080048d8       0x54 NuttX/nuttx/sched/libsched.a(sched_addprioritized.o)
                0x080048d8                sched_addprioritized
 .text.sched_mergepending
                0x0800492c       0x64 NuttX/nuttx/sched/libsched.a(sched_mergepending.o)
                0x0800492c                sched_mergepending
 .text.sched_addblocked
                0x08004990       0x28 NuttX/nuttx/sched/libsched.a(sched_addblocked.o)
                0x08004990                sched_addblocked
 .text.sched_removeblocked
                0x080049b8       0x1c NuttX/nuttx/sched/libsched.a(sched_removeblocked.o)
                0x080049b8                sched_removeblocked
 .text.sched_process_timer
                0x080049d4       0x18 NuttX/nuttx/sched/libsched.a(sched_processtimer.o)
                0x080049d4                sched_process_timer
 .text.sem_destroy
                0x080049ec       0x24 NuttX/nuttx/sched/libsched.a(sem_destroy.o)
                0x080049ec                sem_destroy
 .text.task_exit
                0x08004a10       0x4c NuttX/nuttx/sched/libsched.a(task_exit.o)
                0x08004a10                task_exit
 .text.task_terminate
                0x08004a5c       0x54 NuttX/nuttx/sched/libsched.a(task_terminate.o)
                0x08004a5c                task_terminate
 .text.wd_timer
                0x08004ab0       0x68 NuttX/nuttx/sched/libsched.a(wd_start.o)
                0x08004ab0                wd_timer
 .text.sched_gettcb
                0x08004b18       0x24 NuttX/nuttx/sched/libsched.a(sched_gettcb.o)
                0x08004b18                sched_gettcb
 .text.sq_addfirst
                0x08004b3c        0xe NuttX/nuttx/libc/libc.a(sq_addfirst.o)
                0x08004b3c                sq_addfirst
 .text.sq_addafter
                0x08004b4a       0x1c NuttX/nuttx/libc/libc.a(sq_addafter.o)
                0x08004b4a                sq_addafter
 .text.dq_addlast
                0x08004b66       0x18 NuttX/nuttx/libc/libc.a(dq_addlast.o)
                0x08004b66                dq_addlast
 .text.strdup   0x08004b7e       0x1c NuttX/nuttx/libc/libc.a(lib_strdup.o)
                0x08004b7e                strdup
 *fill*         0x08004b9a        0x2 
 .text.isr_debug
                0x08004b9c       0x4c src/modules/px4iofirmware/libpx4iofirmware.a(px4io.c.obj)
                0x08004b9c                isr_debug
 .text.schedule_reboot
                0x08004be8       0x1c src/modules/px4iofirmware/libpx4iofirmware.a(px4io.c.obj)
                0x08004be8                schedule_reboot
 .text.user_start
                0x08004c04      0x400 src/modules/px4iofirmware/libpx4iofirmware.a(px4io.c.obj)
                0x08004c04                user_start
 .text.pwm_configure_rates
                0x08005004       0x74 src/modules/px4iofirmware/libpx4iofirmware.a(registers.c.obj)
 .text.registers_set
                0x08005078      0x54c src/modules/px4iofirmware/libpx4iofirmware.a(registers.c.obj)
                0x08005078                registers_set
 .text.registers_get
                0x080055c4      0x19c src/modules/px4iofirmware/libpx4iofirmware.a(registers.c.obj)
                0x080055c4                registers_get
 .text.safety_check_button
                0x08005760      0x114 src/modules/px4iofirmware/libpx4iofirmware.a(safety.c.obj)
 .text.failsafe_blink
                0x08005874       0x3c src/modules/px4iofirmware/libpx4iofirmware.a(safety.c.obj)
 .text.safety_init
                0x080058b0       0x30 src/modules/px4iofirmware/libpx4iofirmware.a(safety.c.obj)
                0x080058b0                safety_init
 .text.failsafe_led_init
                0x080058e0       0x30 src/modules/px4iofirmware/libpx4iofirmware.a(safety.c.obj)
                0x080058e0                failsafe_led_init
 .text.dma_reset
                0x08005910       0x6c src/modules/px4iofirmware/libpx4iofirmware.a(serial.c.obj)
 .text.rx_dma_callback
                0x0800597c      0x154 src/modules/px4iofirmware/libpx4iofirmware.a(serial.c.obj)
 .text.serial_interrupt
                0x08005ad0       0xd0 src/modules/px4iofirmware/libpx4iofirmware.a(serial.c.obj)
 .text.interface_init
                0x08005ba0       0xcc src/modules/px4iofirmware/libpx4iofirmware.a(serial.c.obj)
                0x08005ba0                interface_init
 .text.adc_init
                0x08005c6c       0x88 src/modules/px4iofirmware/libpx4iofirmware.a(adc.c.obj)
                0x08005c6c                adc_init
 .text.adc_measure
                0x08005cf4       0x78 src/modules/px4iofirmware/libpx4iofirmware.a(adc.c.obj)
                0x08005cf4                adc_measure
 .text.controls_init
                0x08005d6c       0x90 src/modules/px4iofirmware/libpx4iofirmware.a(controls.c.obj)
                0x08005d6c                controls_init
 .text.controls_tick
                0x08005dfc      0x86c src/modules/px4iofirmware/libpx4iofirmware.a(controls.c.obj)
                0x08005dfc                controls_tick
 .text._ZL14mixer_callbackjhhRf
                0x08006668      0x1b8 src/modules/px4iofirmware/libpx4iofirmware.a(mixer.cpp.obj)
 .text.mixer_handle_text_create_mixer
                0x08006820       0x94 src/modules/px4iofirmware/libpx4iofirmware.a(mixer.cpp.obj)
                0x08006820                mixer_handle_text_create_mixer
 .text.mixer_handle_text
                0x080068b4      0x14c src/modules/px4iofirmware/libpx4iofirmware.a(mixer.cpp.obj)
                0x080068b4                mixer_handle_text
 .text.startup._GLOBAL__sub_I_mixer_tick
                0x08006a00       0x2c src/modules/px4iofirmware/libpx4iofirmware.a(mixer.cpp.obj)
 .text._ZL20mixer_mix_threadsafePfPVt.constprop.3
                0x08006a2c       0x3c src/modules/px4iofirmware/libpx4iofirmware.a(mixer.cpp.obj)
 .text.mixer_set_failsafe
                0x08006a68      0x100 src/modules/px4iofirmware/libpx4iofirmware.a(mixer.cpp.obj)
                0x08006a68                mixer_set_failsafe
 .text.mixer_tick
                0x08006b68      0x6c4 src/modules/px4iofirmware/libpx4iofirmware.a(mixer.cpp.obj)
                0x08006b68                mixer_tick
 .text.up_cxxinitialize
                0x0800722c       0x30 NuttX/apps/libapps.a(gnu_cxxinitialize.o)
                0x0800722c                up_cxxinitialize
 .text._ZN5Mixer22set_max_delta_out_onceEf
                0x0800725c        0x2 src/lib/mixer/libmixer.a(mixer_group.cpp.obj)
                0x0800725c                Mixer::set_max_delta_out_once(float)
 .text._ZN5Mixer17set_thrust_factorEf
                0x0800725e        0x2 src/lib/mixer/libmixer.a(mixer_group.cpp.obj)
                0x0800725e                Mixer::set_thrust_factor(float)
 .text._ZN5Mixer11set_airmodeEb
                0x08007260        0x2 src/lib/mixer/libmixer.a(mixer_group.cpp.obj)
                0x08007260                Mixer::set_airmode(bool)
 .text._ZN10MixerGroup8set_trimEf
                0x08007262        0x4 src/lib/mixer/libmixer.a(mixer_group.cpp.obj)
                0x08007262                MixerGroup::set_trim(float)
 .text._ZN10MixerGroup8get_trimEPf
                0x08007266        0x4 src/lib/mixer/libmixer.a(mixer_group.cpp.obj)
                0x08007266                MixerGroup::get_trim(float*)
 .text._ZN10MixerGroup3mixEPfj
                0x0800726a       0x28 src/lib/mixer/libmixer.a(mixer_group.cpp.obj)
                0x0800726a                MixerGroup::mix(float*, unsigned int)
 .text._ZN10MixerGroup17set_thrust_factorEf
                0x08007292       0x18 src/lib/mixer/libmixer.a(mixer_group.cpp.obj)
                0x08007292                MixerGroup::set_thrust_factor(float)
 .text._ZN10MixerGroup11set_airmodeEb
                0x080072aa       0x18 src/lib/mixer/libmixer.a(mixer_group.cpp.obj)
                0x080072aa                MixerGroup::set_airmode(bool)
 .text._ZN10MixerGroup21get_saturation_statusEv
                0x080072c2       0x1c src/lib/mixer/libmixer.a(mixer_group.cpp.obj)
                0x080072c2                MixerGroup::get_saturation_status()
 .text._ZN10MixerGroup15groups_requiredERj
                0x080072de       0x18 src/lib/mixer/libmixer.a(mixer_group.cpp.obj)
                0x080072de                MixerGroup::groups_required(unsigned int&)
 .text._ZN10MixerGroup22set_max_delta_out_onceEf
                0x080072f6       0x18 src/lib/mixer/libmixer.a(mixer_group.cpp.obj)
                0x080072f6                MixerGroup::set_max_delta_out_once(float)
 *fill*         0x0800730e        0x2 
 .text._ZN10MixerGroupC2EPFijhhRfEj
                0x08007310       0x18 src/lib/mixer/libmixer.a(mixer_group.cpp.obj)
                0x08007310                MixerGroup::MixerGroup(int (*)(unsigned int, unsigned char, unsigned char, float&), unsigned int)
                0x08007310                MixerGroup::MixerGroup(int (*)(unsigned int, unsigned char, unsigned char, float&), unsigned int)
 .text._ZN10MixerGroup9add_mixerEP5Mixer
                0x08007328       0x14 src/lib/mixer/libmixer.a(mixer_group.cpp.obj)
                0x08007328                MixerGroup::add_mixer(Mixer*)
 .text._ZN10MixerGroup5resetEv
                0x0800733c       0x1a src/lib/mixer/libmixer.a(mixer_group.cpp.obj)
                0x0800733c                MixerGroup::reset()
 *fill*         0x08007356        0x2 
 .text._ZN10MixerGroupD2Ev
                0x08007358       0x14 src/lib/mixer/libmixer.a(mixer_group.cpp.obj)
                0x08007358                MixerGroup::~MixerGroup()
                0x08007358                MixerGroup::~MixerGroup()
 .text._ZN10MixerGroupD0Ev
                0x0800736c       0x12 src/lib/mixer/libmixer.a(mixer_group.cpp.obj)
                0x0800736c                MixerGroup::~MixerGroup()
 *fill*         0x0800737e        0x2 
 .text._ZN10MixerGroup9set_trimsEPsj
                0x08007380       0x5c src/lib/mixer/libmixer.a(mixer_group.cpp.obj)
                0x08007380                MixerGroup::set_trims(short*, unsigned int)
 .text._ZN10MixerGroup13load_from_bufEPKcRj
                0x080073dc       0x7e src/lib/mixer/libmixer.a(mixer_group.cpp.obj)
                0x080073dc                MixerGroup::load_from_buf(char const*, unsigned int&)
 .text._ZN15HelicopterMixer21get_saturation_statusEv
                0x0800745a        0x4 src/lib/mixer/libmixer.a(mixer_helicopter.cpp.obj)
                0x0800745a                HelicopterMixer::get_saturation_status()
 .text._ZN15HelicopterMixer8set_trimEf
                0x0800745e        0x4 src/lib/mixer/libmixer.a(mixer_helicopter.cpp.obj)
                0x0800745e                HelicopterMixer::set_trim(float)
 .text._ZN15HelicopterMixer8get_trimEPf
                0x08007462        0x4 src/lib/mixer/libmixer.a(mixer_helicopter.cpp.obj)
                0x08007462                HelicopterMixer::get_trim(float*)
 .text._ZN15HelicopterMixer15groups_requiredERj
                0x08007466        0xa src/lib/mixer/libmixer.a(mixer_helicopter.cpp.obj)
                0x08007466                HelicopterMixer::groups_required(unsigned int&)
 .text._ZN15HelicopterMixerD2Ev
                0x08007470        0x2 src/lib/mixer/libmixer.a(mixer_helicopter.cpp.obj)
                0x08007470                HelicopterMixer::~HelicopterMixer()
                0x08007470                HelicopterMixer::~HelicopterMixer()
 .text._ZN15HelicopterMixerD0Ev
                0x08007472        0xc src/lib/mixer/libmixer.a(mixer_helicopter.cpp.obj)
                0x08007472                HelicopterMixer::~HelicopterMixer()
 *fill*         0x0800747e        0x2 
 .text._ZN15HelicopterMixer3mixEPfj
                0x08007480      0x1c8 src/lib/mixer/libmixer.a(mixer_helicopter.cpp.obj)
                0x08007480                HelicopterMixer::mix(float*, unsigned int)
 .text._ZN15HelicopterMixerC2EPFijhhRfEjP12mixer_heli_s
                0x08007648       0x24 src/lib/mixer/libmixer.a(mixer_helicopter.cpp.obj)
                0x08007648                HelicopterMixer::HelicopterMixer(int (*)(unsigned int, unsigned char, unsigned char, float&), unsigned int, mixer_heli_s*)
                0x08007648                HelicopterMixer::HelicopterMixer(int (*)(unsigned int, unsigned char, unsigned char, float&), unsigned int, mixer_heli_s*)
 .text._ZN15HelicopterMixer9from_textEPFijhhRfEjPKcRj
                0x0800766c      0x1f0 src/lib/mixer/libmixer.a(mixer_helicopter.cpp.obj)
                0x0800766c                HelicopterMixer::from_text(int (*)(unsigned int, unsigned char, unsigned char, float&), unsigned int, char const*, unsigned int&)
 .text._ZN15MultirotorMixer22set_max_delta_out_onceEf
                0x0800785c        0x4 src/lib/mixer/libmixer.a(mixer_multirotor.cpp.obj)
                0x0800785c                MultirotorMixer::set_max_delta_out_once(float)
 .text._ZN15MultirotorMixer8set_trimEf
                0x08007860        0x4 src/lib/mixer/libmixer.a(mixer_multirotor.cpp.obj)
                0x08007860                MultirotorMixer::set_trim(float)
 .text._ZN15MultirotorMixer8get_trimEPf
                0x08007864        0x4 src/lib/mixer/libmixer.a(mixer_multirotor.cpp.obj)
                0x08007864                MultirotorMixer::get_trim(float*)
 .text._ZN15MultirotorMixer17set_thrust_factorEf
                0x08007868        0x4 src/lib/mixer/libmixer.a(mixer_multirotor.cpp.obj)
                0x08007868                MultirotorMixer::set_thrust_factor(float)
 .text._ZN15MultirotorMixer11set_airmodeEb
                0x0800786c        0x6 src/lib/mixer/libmixer.a(mixer_multirotor.cpp.obj)
                0x0800786c                MultirotorMixer::set_airmode(bool)
 .text._ZN15MultirotorMixer15groups_requiredERj
                0x08007872        0xa src/lib/mixer/libmixer.a(mixer_multirotor.cpp.obj)
                0x08007872                MultirotorMixer::groups_required(unsigned int&)
 .text._ZN15MultirotorMixer21get_saturation_statusEv
                0x0800787c        0x4 src/lib/mixer/libmixer.a(mixer_multirotor.cpp.obj)
                0x0800787c                MultirotorMixer::get_saturation_status()
 .text._ZN15MultirotorMixerD2Ev
                0x08007880       0x18 src/lib/mixer/libmixer.a(mixer_multirotor.cpp.obj)
                0x08007880                MultirotorMixer::~MultirotorMixer()
                0x08007880                MultirotorMixer::~MultirotorMixer()
 .text._ZN15MultirotorMixerD0Ev
                0x08007898       0x12 src/lib/mixer/libmixer.a(mixer_multirotor.cpp.obj)
                0x08007898                MultirotorMixer::~MultirotorMixer()
 *fill*         0x080078aa        0x2 
 .text._ZN15MultirotorMixerC2EPFijhhRfEj18MultirotorGeometryffff
                0x080078ac       0x80 src/lib/mixer/libmixer.a(mixer_multirotor.cpp.obj)
                0x080078ac                MultirotorMixer::MultirotorMixer(int (*)(unsigned int, unsigned char, unsigned char, float&), unsigned int, MultirotorGeometry, float, float, float, float)
                0x080078ac                MultirotorMixer::MultirotorMixer(int (*)(unsigned int, unsigned char, unsigned char, float&), unsigned int, MultirotorGeometry, float, float, float, float)
 .text._ZN15MultirotorMixer9from_textEPFijhhRfEjPKcRj
                0x0800792c       0xcc src/lib/mixer/libmixer.a(mixer_multirotor.cpp.obj)
                0x0800792c                MultirotorMixer::from_text(int (*)(unsigned int, unsigned char, unsigned char, float&), unsigned int, char const*, unsigned int&)
 .text._ZN15MultirotorMixer24update_saturation_statusEjbb
                0x080079f8      0x15a src/lib/mixer/libmixer.a(mixer_multirotor.cpp.obj)
                0x080079f8                MultirotorMixer::update_saturation_status(unsigned int, bool, bool)
 *fill*         0x08007b52        0x2 
 .text._ZN15MultirotorMixer3mixEPfj
                0x08007b54      0x568 src/lib/mixer/libmixer.a(mixer_multirotor.cpp.obj)
                0x08007b54                MultirotorMixer::mix(float*, unsigned int)
 .text._ZN11SimpleMixer8set_trimEf
                0x080080bc        0x8 src/lib/mixer/libmixer.a(mixer_simple.cpp.obj)
                0x080080bc                SimpleMixer::set_trim(float)
 .text._ZN11SimpleMixer8get_trimEPf
                0x080080c4        0xa src/lib/mixer/libmixer.a(mixer_simple.cpp.obj)
                0x080080c4                SimpleMixer::get_trim(float*)
 .text._ZN11SimpleMixer21get_saturation_statusEv
                0x080080ce        0x4 src/lib/mixer/libmixer.a(mixer_simple.cpp.obj)
                0x080080ce                SimpleMixer::get_saturation_status()
 .text._ZN11SimpleMixer15groups_requiredERj
                0x080080d2       0x22 src/lib/mixer/libmixer.a(mixer_simple.cpp.obj)
                0x080080d2                SimpleMixer::groups_required(unsigned int&)
 .text._ZN11SimpleMixerD2Ev
                0x080080f4       0x18 src/lib/mixer/libmixer.a(mixer_simple.cpp.obj)
                0x080080f4                SimpleMixer::~SimpleMixer()
                0x080080f4                SimpleMixer::~SimpleMixer()
 .text._ZN11SimpleMixerD0Ev
                0x0800810c       0x12 src/lib/mixer/libmixer.a(mixer_simple.cpp.obj)
                0x0800810c                SimpleMixer::~SimpleMixer()
 .text._ZN11SimpleMixer3mixEPfj
                0x0800811e       0x68 src/lib/mixer/libmixer.a(mixer_simple.cpp.obj)
                0x0800811e                SimpleMixer::mix(float*, unsigned int)
 *fill*         0x08008186        0x2 
 .text._ZN11SimpleMixer19parse_output_scalerEPKcRjR14mixer_scaler_s
                0x08008188       0xa4 src/lib/mixer/libmixer.a(mixer_simple.cpp.obj)
                0x08008188                SimpleMixer::parse_output_scaler(char const*, unsigned int&, mixer_scaler_s&)
 .text._ZN11SimpleMixer20parse_control_scalerEPKcRjR14mixer_scaler_sRhS5_
                0x0800822c       0xac src/lib/mixer/libmixer.a(mixer_simple.cpp.obj)
                0x0800822c                SimpleMixer::parse_control_scaler(char const*, unsigned int&, mixer_scaler_s&, unsigned char&, unsigned char&)
 .text._ZN11SimpleMixer9from_textEPFijhhRfEjPKcRj
                0x080082d8       0xe8 src/lib/mixer/libmixer.a(mixer_simple.cpp.obj)
                0x080082d8                SimpleMixer::from_text(int (*)(unsigned int, unsigned char, unsigned char, float&), unsigned int, char const*, unsigned int&)
 .text._ZN9NullMixerD2Ev
                0x080083c0        0x2 src/lib/mixer/libmixer.a(mixer.cpp.obj)
                0x080083c0                NullMixer::~NullMixer()
                0x080083c0                NullMixer::~NullMixer()
 .text._ZN9NullMixer10set_offsetEf
                0x080083c2        0x2 src/lib/mixer/libmixer.a(mixer.cpp.obj)
                0x080083c2                NullMixer::set_offset(float)
 .text._ZN9NullMixer8set_trimEf
                0x080083c4        0x4 src/lib/mixer/libmixer.a(mixer.cpp.obj)
                0x080083c4                NullMixer::set_trim(float)
 .text._ZN9NullMixer8get_trimEPf
                0x080083c8        0x4 src/lib/mixer/libmixer.a(mixer.cpp.obj)
                0x080083c8                NullMixer::get_trim(float*)
 .text._ZN9NullMixer3mixEPfj
                0x080083cc       0x14 src/lib/mixer/libmixer.a(mixer.cpp.obj)
                0x080083cc                NullMixer::mix(float*, unsigned int)
 .text._ZN9NullMixer21get_saturation_statusEv
                0x080083e0        0x4 src/lib/mixer/libmixer.a(mixer.cpp.obj)
                0x080083e0                NullMixer::get_saturation_status()
 .text._ZN9NullMixer15groups_requiredERj
                0x080083e4        0x2 src/lib/mixer/libmixer.a(mixer.cpp.obj)
                0x080083e4                NullMixer::groups_required(unsigned int&)
 .text._ZN9NullMixerD0Ev
                0x080083e6        0xc src/lib/mixer/libmixer.a(mixer.cpp.obj)
                0x080083e6                NullMixer::~NullMixer()
 *fill*         0x080083f2        0x2 
 .text._ZN5MixerC2EPFijhhRfEj
                0x080083f4       0x14 src/lib/mixer/libmixer.a(mixer.cpp.obj)
                0x080083f4                Mixer::Mixer(int (*)(unsigned int, unsigned char, unsigned char, float&), unsigned int)
                0x080083f4                Mixer::Mixer(int (*)(unsigned int, unsigned char, unsigned char, float&), unsigned int)
 .text._ZN5Mixer11get_controlEhh
                0x08008408       0x10 src/lib/mixer/libmixer.a(mixer.cpp.obj)
                0x08008408                Mixer::get_control(unsigned char, unsigned char)
 .text._ZN5Mixer5scaleERK14mixer_scaler_sf
                0x08008418       0x46 src/lib/mixer/libmixer.a(mixer.cpp.obj)
                0x08008418                Mixer::scale(mixer_scaler_s const&, float)
 .text._ZN5Mixer7findtagEPKcRjc
                0x0800845e       0x26 src/lib/mixer/libmixer.a(mixer.cpp.obj)
                0x0800845e                Mixer::findtag(char const*, unsigned int&, char)
 .text._ZN5Mixer11findnexttagEPKcj
                0x08008484       0x26 src/lib/mixer/libmixer.a(mixer.cpp.obj)
                0x08008484                Mixer::findnexttag(char const*, unsigned int)
 .text._ZN5Mixer8skiplineEPKcRj
                0x080084aa       0x2a src/lib/mixer/libmixer.a(mixer.cpp.obj)
                0x080084aa                Mixer::skipline(char const*, unsigned int&)
 .text._ZN5Mixer18string_well_formedEPKcRj
                0x080084d4       0x20 src/lib/mixer/libmixer.a(mixer.cpp.obj)
                0x080084d4                Mixer::string_well_formed(char const*, unsigned int&)
 .text._ZN9NullMixerC2Ev
                0x080084f4       0x14 src/lib/mixer/libmixer.a(mixer.cpp.obj)
                0x080084f4                NullMixer::NullMixer()
                0x080084f4                NullMixer::NullMixer()
 .text._ZN9NullMixer9from_textEPKcRj
                0x08008508       0x3a src/lib/mixer/libmixer.a(mixer.cpp.obj)
                0x08008508                NullMixer::from_text(char const*, unsigned int&)
 .text.st24_common_crc8
                0x08008542       0x3a src/lib/rc/librc.a(st24.cpp.obj)
                0x08008542                st24_common_crc8
 .text.st24_decode
                0x0800857c      0x214 src/lib/rc/librc.a(st24.cpp.obj)
                0x0800857c                st24_decode
 .text.sumd_crc16
                0x08008790       0x20 src/lib/rc/librc.a(sumd.cpp.obj)
                0x08008790                sumd_crc16
 .text.sumd_decode
                0x080087b0      0x3b0 src/lib/rc/librc.a(sumd.cpp.obj)
                0x080087b0                sumd_decode
 .text.sbus_config
                0x08008b60       0x78 src/lib/rc/librc.a(sbus.cpp.obj)
                0x08008b60                sbus_config
 .text.sbus_init
                0x08008bd8       0x1e src/lib/rc/librc.a(sbus.cpp.obj)
                0x08008bd8                sbus_init
 *fill*         0x08008bf6        0x2 
 .text.sbus1_output
                0x08008bf8       0xec src/lib/rc/librc.a(sbus.cpp.obj)
                0x08008bf8                sbus1_output
 .text.sbus2_output
                0x08008ce4        0x4 src/lib/rc/librc.a(sbus.cpp.obj)
                0x08008ce4                sbus2_output
 .text.sbus_parse
                0x08008ce8      0x2bc src/lib/rc/librc.a(sbus.cpp.obj)
                0x08008ce8                sbus_parse
 .text.sbus_input
                0x08008fa4       0x54 src/lib/rc/librc.a(sbus.cpp.obj)
                0x08008fa4                sbus_input
 .text.sbus1_set_output_rate_hz
                0x08008ff8       0x28 src/lib/rc/librc.a(sbus.cpp.obj)
                0x08008ff8                sbus1_set_output_rate_hz
 .text.dsm_config
                0x08009020       0x80 src/lib/rc/librc.a(dsm.cpp.obj)
                0x08009020                dsm_config
 .text.dsm_proto_init
                0x080090a0       0x38 src/lib/rc/librc.a(dsm.cpp.obj)
                0x080090a0                dsm_proto_init
 .text.dsm_init
                0x080090d8       0x30 src/lib/rc/librc.a(dsm.cpp.obj)
                0x080090d8                dsm_init
 .text.dsm_bind
                0x08009108       0x9c src/lib/rc/librc.a(dsm.cpp.obj)
                0x08009108                dsm_bind
 .text.dsm_parse
                0x080091a4      0x338 src/lib/rc/librc.a(dsm.cpp.obj)
                0x080091a4                dsm_parse
 .text.dsm_input
                0x080094dc       0x64 src/lib/rc/librc.a(dsm.cpp.obj)
                0x080094dc                dsm_input
 .text.perf_count
                0x08009540       0xe0 src/lib/perf/libperf.a(perf_counter.c.obj)
                0x08009540                perf_count
 .text.perf_begin
                0x08009620       0x16 src/lib/perf/libperf.a(perf_counter.c.obj)
                0x08009620                perf_begin
 *fill*         0x08009636        0x2 
 .text.perf_end
                0x08009638       0xb4 src/lib/perf/libperf.a(perf_counter.c.obj)
                0x08009638                perf_end
 .text.pwm_limit_init
                0x080096ec        0xe src/lib/pwm_limit/libpwm_limit.a(pwm_limit.cpp.obj)
                0x080096ec                pwm_limit_init
 *fill*         0x080096fa        0x2 
 .text.pwm_limit_calc
                0x080096fc      0x210 src/lib/pwm_limit/libpwm_limit.a(pwm_limit.cpp.obj)
                0x080096fc                pwm_limit_calc
 .text.up_udelay
                0x0800990c       0x64 NuttX/nuttx/arch/arm/src/libarch.a(up_udelay.o)
                0x0800990c                up_udelay
 .text.up_systemreset
                0x08009970       0x1c NuttX/nuttx/arch/arm/src/libarch.a(up_systemreset.o)
                0x08009970                up_systemreset
 .text.stm32_boardinitialize
                0x0800998c      0x110 src/drivers/boards/px4io-v2/libdrivers_board.a(init.c.obj)
                0x0800998c                stm32_boardinitialize
 .text.hrt_absolute_time
                0x08009a9c       0x4c src/drivers/stm32/libdrivers_arch.a(drv_hrt.c.obj)
                0x08009a9c                hrt_absolute_time
 .text.hrt_call_reschedule
                0x08009ae8       0x58 src/drivers/stm32/libdrivers_arch.a(drv_hrt.c.obj)
 .text.hrt_call_enter
                0x08009b40       0x4c src/drivers/stm32/libdrivers_arch.a(drv_hrt.c.obj)
 .text.hrt_call_internal
                0x08009b8c       0x4c src/drivers/stm32/libdrivers_arch.a(drv_hrt.c.obj)
 .text.hrt_tim_isr
                0x08009bd8      0x1e4 src/drivers/stm32/libdrivers_arch.a(drv_hrt.c.obj)
 .text.hrt_elapsed_time
                0x08009dbc       0x24 src/drivers/stm32/libdrivers_arch.a(drv_hrt.c.obj)
                0x08009dbc                hrt_elapsed_time
 .text.hrt_init
                0x08009de0       0x84 src/drivers/stm32/libdrivers_arch.a(drv_hrt.c.obj)
                0x08009de0                hrt_init
 .text.hrt_call_every
                0x08009e64       0x36 src/drivers/stm32/libdrivers_arch.a(drv_hrt.c.obj)
                0x08009e64                hrt_call_every
 .text.up_pwm_servo_set
                0x08009e9a        0x4 src/drivers/stm32/libdrivers_arch.a(drv_pwm_servo.c.obj)
                0x08009e9a                up_pwm_servo_set
 .text.up_pwm_servo_init
                0x08009e9e       0x6a src/drivers/stm32/libdrivers_arch.a(drv_pwm_servo.c.obj)
                0x08009e9e                up_pwm_servo_init
 .text.up_pwm_servo_set_rate_group_update
                0x08009f08       0x30 src/drivers/stm32/libdrivers_arch.a(drv_pwm_servo.c.obj)
                0x08009f08                up_pwm_servo_set_rate_group_update
 .text.up_pwm_update
                0x08009f38        0x4 src/drivers/stm32/libdrivers_arch.a(drv_pwm_servo.c.obj)
                0x08009f38                up_pwm_update
 .text.up_pwm_servo_get_rate_group
                0x08009f3c       0x20 src/drivers/stm32/libdrivers_arch.a(drv_pwm_servo.c.obj)
                0x08009f3c                up_pwm_servo_get_rate_group
 .text.up_pwm_servo_arm
                0x08009f5c       0x1a src/drivers/stm32/libdrivers_arch.a(drv_pwm_servo.c.obj)
                0x08009f5c                up_pwm_servo_arm
 *fill*         0x08009f76        0x2 
 .text.get_timer_channels
                0x08009f78       0x44 src/drivers/stm32/libdrivers_arch.a(drv_io_timer.c.obj)
 .text.io_timer_handler0
                0x08009fbc        0x4 src/drivers/stm32/libdrivers_arch.a(drv_io_timer.c.obj)
                0x08009fbc                io_timer_handler0
 .text.io_timer_handler1
                0x08009fc0        0x4 src/drivers/stm32/libdrivers_arch.a(drv_io_timer.c.obj)
                0x08009fc0                io_timer_handler1
 .text.io_timer_handler2
                0x08009fc4        0x4 src/drivers/stm32/libdrivers_arch.a(drv_io_timer.c.obj)
                0x08009fc4                io_timer_handler2
 .text.io_timer_validate_channel_index
                0x08009fc8       0x3c src/drivers/stm32/libdrivers_arch.a(drv_io_timer.c.obj)
                0x08009fc8                io_timer_validate_channel_index
 .text.io_timer_is_channel_free
                0x0800a004       0x20 src/drivers/stm32/libdrivers_arch.a(drv_io_timer.c.obj)
                0x0800a004                io_timer_is_channel_free
 .text.io_timer_get_mode_channels
                0x0800a024       0x10 src/drivers/stm32/libdrivers_arch.a(drv_io_timer.c.obj)
                0x0800a024                io_timer_get_mode_channels
 .text.io_timer_get_channel_mode
                0x0800a034       0x20 src/drivers/stm32/libdrivers_arch.a(drv_io_timer.c.obj)
                0x0800a034                io_timer_get_channel_mode
 .text.io_timer_trigger
                0x0800a054       0x6c src/drivers/stm32/libdrivers_arch.a(drv_io_timer.c.obj)
                0x0800a054                io_timer_trigger
 .text.io_timer_init_timer
                0x0800a0c0       0xb0 src/drivers/stm32/libdrivers_arch.a(drv_io_timer.c.obj)
                0x0800a0c0                io_timer_init_timer
 .text.io_timer_set_rate
                0x0800a170       0xb4 src/drivers/stm32/libdrivers_arch.a(drv_io_timer.c.obj)
                0x0800a170                io_timer_set_rate
 .text.io_timer_channel_init
                0x0800a224      0x108 src/drivers/stm32/libdrivers_arch.a(drv_io_timer.c.obj)
                0x0800a224                io_timer_channel_init
 .text.io_timer_set_enable
                0x0800a32c      0x190 src/drivers/stm32/libdrivers_arch.a(drv_io_timer.c.obj)
                0x0800a32c                io_timer_set_enable
 .text.io_timer_free_channel
                0x0800a4bc       0x50 src/drivers/stm32/libdrivers_arch.a(drv_io_timer.c.obj)
                0x0800a4bc                io_timer_free_channel
 .text.io_timer_set_ccr
                0x0800a50c       0x44 src/drivers/stm32/libdrivers_arch.a(drv_io_timer.c.obj)
                0x0800a50c                io_timer_set_ccr
 .text.io_timer_get_group
                0x0800a550        0x4 src/drivers/stm32/libdrivers_arch.a(drv_io_timer.c.obj)
                0x0800a550                io_timer_get_group
 .text.__cxa_pure_virtual
                0x0800a554       0x10 NuttX/nuttx/libxx/libcxx.a(libxx_cxapurevirtual.o)
                0x0800a554                __cxa_pure_virtual
 .text.__aeabi_atexit
                0x0800a564        0xa NuttX/nuttx/libxx/libcxx.a(libxx_eabi_atexit.o)
                0x0800a564                __aeabi_atexit
 .text.__cxa_atexit
                0x0800a56e        0x4 NuttX/nuttx/libxx/libcxx.a(libxx_cxa_atexit.o)
                0x0800a56e                __cxa_atexit
 .text._ZdlPv   0x0800a572        0x4 NuttX/nuttx/libxx/libcxx.a(libxx_delete.o)
                0x0800a572                operator delete(void*)
 .text._ZdaPv   0x0800a576        0x4 NuttX/nuttx/libxx/libcxx.a(libxx_deletea.o)
                0x0800a576                operator delete[](void*)
 .text._Znwj    0x0800a57a        0xa NuttX/nuttx/libxx/libcxx.a(libxx_new.o)
                0x0800a57a                operator new(unsigned int)
 .text._Znaj    0x0800a584        0xa NuttX/nuttx/libxx/libcxx.a(libxx_newa.o)
                0x0800a584                operator new[](unsigned int)
 *fill*         0x0800a58e        0x2 
 .text.crc32part
                0x0800a590       0x24 NuttX/nuttx/libc/libc.a(lib_crc32.o)
                0x0800a590                crc32part
 .text.sq_rem   0x0800a5b4       0x2c NuttX/nuttx/libc/libc.a(sq_rem.o)
                0x0800a5b4                sq_rem
 .text.printf   0x0800a5e0       0x1c NuttX/nuttx/libc/libc.a(lib_printf.o)
                0x0800a5e0                printf
 .text.vsnprintf
                0x0800a5fc       0x2a NuttX/nuttx/libc/libc.a(lib_vsnprintf.o)
                0x0800a5fc                vsnprintf
 .text.memoutstream_putc
                0x0800a626       0x1a NuttX/nuttx/libc/libc.a(lib_memoutstream.o)
 .text.lib_memoutstream
                0x0800a640       0x20 NuttX/nuttx/libc/libc.a(lib_memoutstream.o)
                0x0800a640                lib_memoutstream
 .text.isspace  0x0800a660       0x14 NuttX/nuttx/libc/libc.a(lib_sscanf.o)
 .text.vsscanf  0x0800a674      0x318 NuttX/nuttx/libc/libc.a(lib_sscanf.o)
                0x0800a674                vsscanf
 .text.sscanf   0x0800a98c       0x1a NuttX/nuttx/libc/libc.a(lib_sscanf.o)
                0x0800a98c                sscanf
 .text.strtol   0x0800a9a6       0x64 NuttX/nuttx/libc/libc.a(lib_strtol.o)
                0x0800a9a6                strtol
 .text.strtoul  0x0800aa0a       0x66 NuttX/nuttx/libc/libc.a(lib_strtoul.o)
                0x0800aa0a                strtoul
 .text.lib_checkbase
                0x0800aa70       0x60 NuttX/nuttx/libc/libc.a(lib_checkbase.o)
                0x0800aa70                lib_checkbase
 .text.lib_isbasedigit
                0x0800aad0       0x4e NuttX/nuttx/libc/libc.a(lib_isbasedigit.o)
                0x0800aad0                lib_isbasedigit
 .text.memchr   0x0800ab1e       0x1e NuttX/nuttx/libc/libc.a(lib_memchr.o)
                0x0800ab1e                memchr
 .text.memmove  0x0800ab3c       0x32 NuttX/nuttx/libc/libc.a(lib_memmove.o)
                0x0800ab3c                memmove
 .text.lib_skipspace
                0x0800ab6e       0x16 NuttX/nuttx/libc/libc.a(lib_skipspace.o)
                0x0800ab6e                lib_skipspace
 .text.strcmp   0x0800ab84       0x1a NuttX/nuttx/libc/libc.a(lib_strcmp.o)
                0x0800ab84                strcmp
 .text.strcspn  0x0800ab9e       0x1e NuttX/nuttx/libc/libc.a(lib_strcspn.o)
                0x0800ab9e                strcspn
 .text.tcgetattr
                0x0800abbc        0xa NuttX/nuttx/libc/libc.a(lib_tcgetattr.o)
                0x0800abbc                tcgetattr
 .text.tcsetattr
                0x0800abc6       0x10 NuttX/nuttx/libc/libc.a(lib_tcsetattr.o)
                0x0800abc6                tcsetattr
 .text.file_ioctl
                0x0800abd6       0x2a NuttX/nuttx/fs/libfs.a(fs_ioctl.o)
                0x0800abd6                file_ioctl
 .text.ioctl    0x0800ac00       0x2c NuttX/nuttx/fs/libfs.a(fs_ioctl.o)
                0x0800ac00                ioctl
 .text.file_read
                0x0800ac2c       0x38 NuttX/nuttx/fs/libfs.a(fs_read.o)
                0x0800ac2c                file_read
 .text.read     0x0800ac64       0x2c NuttX/nuttx/fs/libfs.a(fs_read.o)
                0x0800ac64                read
 .text.mallinfo
                0x0800ac90       0x24 NuttX/nuttx/mm/libmm.a(umm_mallinfo.o)
                0x0800ac90                mallinfo
 .text.mm_mallinfo
                0x0800acb4       0x56 NuttX/nuttx/mm/libmm.a(mm_mallinfo.o)
                0x0800acb4                mm_mallinfo
 *fill*         0x0800ad0a        0x2 
 .text.cosf     0x0800ad0c       0x6c /opt/gcc-arm-none-eabi-4_9-2015q3/bin/../lib/gcc/arm-none-eabi/4.9.3/../../../../arm-none-eabi/lib/armv7-m/libm.a(lib_a-sf_cos.o)
                0x0800ad0c                cosf
 .text.floorf   0x0800ad78       0x8c /opt/gcc-arm-none-eabi-4_9-2015q3/bin/../lib/gcc/arm-none-eabi/4.9.3/../../../../arm-none-eabi/lib/armv7-m/libm.a(lib_a-sf_floor.o)
                0x0800ad78                floorf
 .text.fmaxf    0x0800ae04       0x28 /opt/gcc-arm-none-eabi-4_9-2015q3/bin/../lib/gcc/arm-none-eabi/4.9.3/../../../../arm-none-eabi/lib/armv7-m/libm.a(lib_a-sf_fmax.o)
                0x0800ae04                fmaxf
 .text.fminf    0x0800ae2c       0x28 /opt/gcc-arm-none-eabi-4_9-2015q3/bin/../lib/gcc/arm-none-eabi/4.9.3/../../../../arm-none-eabi/lib/armv7-m/libm.a(lib_a-sf_fmin.o)
                0x0800ae2c                fminf
 .text.__fpclassifyf
                0x0800ae54       0x34 /opt/gcc-arm-none-eabi-4_9-2015q3/bin/../lib/gcc/arm-none-eabi/4.9.3/../../../../arm-none-eabi/lib/armv7-m/libm.a(lib_a-sf_fpclassify.o)
                0x0800ae54                __fpclassifyf
 .text.sinf     0x0800ae88       0x7c /opt/gcc-arm-none-eabi-4_9-2015q3/bin/../lib/gcc/arm-none-eabi/4.9.3/../../../../arm-none-eabi/lib/armv7-m/libm.a(lib_a-sf_sin.o)
                0x0800ae88                sinf
 .text.sqrtf    0x0800af04       0x9c /opt/gcc-arm-none-eabi-4_9-2015q3/bin/../lib/gcc/arm-none-eabi/4.9.3/../../../../arm-none-eabi/lib/armv7-m/libm.a(lib_a-wf_sqrt.o)
                0x0800af04                sqrtf
 .text.__ieee754_rem_pio2f
                0x0800afa0      0x2e4 /opt/gcc-arm-none-eabi-4_9-2015q3/bin/../lib/gcc/arm-none-eabi/4.9.3/../../../../arm-none-eabi/lib/armv7-m/libm.a(lib_a-ef_rem_pio2.o)
                0x0800afa0                __ieee754_rem_pio2f
 .text.__ieee754_sqrtf
                0x0800b284       0xa8 /opt/gcc-arm-none-eabi-4_9-2015q3/bin/../lib/gcc/arm-none-eabi/4.9.3/../../../../arm-none-eabi/lib/armv7-m/libm.a(lib_a-ef_sqrt.o)
                0x0800b284                __ieee754_sqrtf
 .text.__kernel_cosf
                0x0800b32c      0x188 /opt/gcc-arm-none-eabi-4_9-2015q3/bin/../lib/gcc/arm-none-eabi/4.9.3/../../../../arm-none-eabi/lib/armv7-m/libm.a(lib_a-kf_cos.o)
                0x0800b32c                __kernel_cosf
 .text.__kernel_rem_pio2f
                0x0800b4b4      0x674 /opt/gcc-arm-none-eabi-4_9-2015q3/bin/../lib/gcc/arm-none-eabi/4.9.3/../../../../arm-none-eabi/lib/armv7-m/libm.a(lib_a-kf_rem_pio2.o)
                0x0800b4b4                __kernel_rem_pio2f
 .text.__kernel_sinf
                0x0800bb28       0xec /opt/gcc-arm-none-eabi-4_9-2015q3/bin/../lib/gcc/arm-none-eabi/4.9.3/../../../../arm-none-eabi/lib/armv7-m/libm.a(lib_a-kf_sin.o)
                0x0800bb28                __kernel_sinf
 .text.matherr  0x0800bc14        0x4 /opt/gcc-arm-none-eabi-4_9-2015q3/bin/../lib/gcc/arm-none-eabi/4.9.3/../../../../arm-none-eabi/lib/armv7-m/libm.a(lib_a-s_matherr.o)
                0x0800bc14                matherr
 .text.fabsf    0x0800bc18        0x8 /opt/gcc-arm-none-eabi-4_9-2015q3/bin/../lib/gcc/arm-none-eabi/4.9.3/../../../../arm-none-eabi/lib/armv7-m/libm.a(lib_a-sf_fabs.o)
                0x0800bc18                fabsf
 .text.scalbnf  0x0800bc20       0xb0 /opt/gcc-arm-none-eabi-4_9-2015q3/bin/../lib/gcc/arm-none-eabi/4.9.3/../../../../arm-none-eabi/lib/armv7-m/libm.a(lib_a-sf_scalbn.o)
                0x0800bc20                scalbnf
 .text.copysignf
                0x0800bcd0        0xc /opt/gcc-arm-none-eabi-4_9-2015q3/bin/../lib/gcc/arm-none-eabi/4.9.3/../../../../arm-none-eabi/lib/armv7-m/libm.a(lib_a-sf_copysign.o)
                0x0800bcd0                copysignf
 .text          0x0800bcdc      0x370 /opt/gcc-arm-none-eabi-4_9-2015q3/bin/../lib/gcc/arm-none-eabi/4.9.3/armv7-m/libgcc.a(_arm_addsubdf3.o)
                0x0800bcdc                __aeabi_drsub
                0x0800bce4                __aeabi_dsub
                0x0800bce4                __subdf3
                0x0800bce8                __adddf3
                0x0800bce8                __aeabi_dadd
                0x0800bf60                __aeabi_ui2d
                0x0800bf60                __floatunsidf
                0x0800bf80                __floatsidf
                0x0800bf80                __aeabi_i2d
                0x0800bfa4                __extendsfdf2
                0x0800bfa4                __aeabi_f2d
                0x0800bfe0                __aeabi_ul2d
                0x0800bfe0                __floatundidf
                0x0800bff0                __floatdidf
                0x0800bff0                __aeabi_l2d
 .text          0x0800c04c      0x424 /opt/gcc-arm-none-eabi-4_9-2015q3/bin/../lib/gcc/arm-none-eabi/4.9.3/armv7-m/libgcc.a(_arm_muldivdf3.o)
                0x0800c04c                __aeabi_dmul
                0x0800c04c                __muldf3
                0x0800c2a0                __aeabi_ddiv
                0x0800c2a0                __divdf3
 .text          0x0800c470       0xa0 /opt/gcc-arm-none-eabi-4_9-2015q3/bin/../lib/gcc/arm-none-eabi/4.9.3/armv7-m/libgcc.a(_arm_truncdfsf2.o)
                0x0800c470                __aeabi_d2f
                0x0800c470                __truncdfsf2
 .text          0x0800c510      0x21c /opt/gcc-arm-none-eabi-4_9-2015q3/bin/../lib/gcc/arm-none-eabi/4.9.3/armv7-m/libgcc.a(_arm_addsubsf3.o)
                0x0800c510                __aeabi_frsub
                0x0800c518                __subsf3
                0x0800c518                __aeabi_fsub
                0x0800c51c                __aeabi_fadd
                0x0800c51c                __addsf3
                0x0800c67c                __aeabi_ui2f
                0x0800c67c                __floatunsisf
                0x0800c684                __aeabi_i2f
                0x0800c684                __floatsisf
                0x0800c6a0                __floatundisf
                0x0800c6a0                __aeabi_ul2f
                0x0800c6b0                __floatdisf
                0x0800c6b0                __aeabi_l2f
 .text          0x0800c72c      0x2a0 /opt/gcc-arm-none-eabi-4_9-2015q3/bin/../lib/gcc/arm-none-eabi/4.9.3/armv7-m/libgcc.a(_arm_muldivsf3.o)
                0x0800c72c                __mulsf3
                0x0800c72c                __aeabi_fmul
                0x0800c894                __divsf3
                0x0800c894                __aeabi_fdiv
 .text          0x0800c9cc       0xec /opt/gcc-arm-none-eabi-4_9-2015q3/bin/../lib/gcc/arm-none-eabi/4.9.3/armv7-m/libgcc.a(_arm_cmpsf2.o)
                0x0800c9cc                __gtsf2
                0x0800c9cc                __gesf2
                0x0800c9d4                __lesf2
                0x0800c9d4                __ltsf2
                0x0800c9dc                __nesf2
                0x0800c9dc                __eqsf2
                0x0800c9dc                __cmpsf2
                0x0800ca3c                __aeabi_cfrcmple
                0x0800ca44                __aeabi_cfcmple
                0x0800ca44                __aeabi_cfcmpeq
                0x0800ca54                __aeabi_fcmpeq
                0x0800ca68                __aeabi_fcmplt
                0x0800ca7c                __aeabi_fcmple
                0x0800ca90                __aeabi_fcmpge
                0x0800caa4                __aeabi_fcmpgt
 .text          0x0800cab8       0x2c /opt/gcc-arm-none-eabi-4_9-2015q3/bin/../lib/gcc/arm-none-eabi/4.9.3/armv7-m/libgcc.a(_arm_unordsf2.o)
                0x0800cab8                __aeabi_fcmpun
                0x0800cab8                __unordsf2
 .text          0x0800cae4       0x4c /opt/gcc-arm-none-eabi-4_9-2015q3/bin/../lib/gcc/arm-none-eabi/4.9.3/armv7-m/libgcc.a(_arm_fixsfsi.o)
                0x0800cae4                __fixsfsi
                0x0800cae4                __aeabi_f2iz
 .text          0x0800cb30       0x40 /opt/gcc-arm-none-eabi-4_9-2015q3/bin/../lib/gcc/arm-none-eabi/4.9.3/armv7-m/libgcc.a(_arm_fixunssfsi.o)
                0x0800cb30                __aeabi_f2uiz
                0x0800cb30                __fixunssfsi
 .text          0x0800cb70       0x30 /opt/gcc-arm-none-eabi-4_9-2015q3/bin/../lib/gcc/arm-none-eabi/4.9.3/armv7-m/libgcc.a(_aeabi_uldivmod.o)
                0x0800cb70                __aeabi_uldivmod
 .text          0x0800cba0       0x60 /opt/gcc-arm-none-eabi-4_9-2015q3/bin/../lib/gcc/arm-none-eabi/4.9.3/armv7-m/libgcc.a(bpabi.o)
                0x0800cba0                __gnu_ldivmod_helper
                0x0800cbd0                __gnu_uldivmod_helper
 .text          0x0800cc00        0x4 /opt/gcc-arm-none-eabi-4_9-2015q3/bin/../lib/gcc/arm-none-eabi/4.9.3/armv7-m/libgcc.a(_dvmd_tls.o)
                0x0800cc00                __aeabi_ldiv0
                0x0800cc00                __aeabi_idiv0
 .text          0x0800cc04      0x2ac /opt/gcc-arm-none-eabi-4_9-2015q3/bin/../lib/gcc/arm-none-eabi/4.9.3/armv7-m/libgcc.a(_divdi3.o)
                0x0800cc04                __divdi3
 .text          0x0800ceb0      0x270 /opt/gcc-arm-none-eabi-4_9-2015q3/bin/../lib/gcc/arm-none-eabi/4.9.3/armv7-m/libgcc.a(_udivdi3.o)
                0x0800ceb0                __udivdi3
 *(.fixup)
 *(.gnu.warning)
 *(.rodata .rodata.*)
 .rodata.g_gpiobase
                0x0800d120       0x10 NuttX/nuttx/arch/arm/src/libarch.a(stm32_gpio.o)
                0x0800d120                g_gpiobase
 .rodata.str1.1
                0x0800d130       0x23 NuttX/nuttx/arch/arm/src/libarch.a(stm32_serial.o)
 *fill*         0x0800d153        0x1 
 .rodata.uart_devs
                0x0800d154        0xc NuttX/nuttx/arch/arm/src/libarch.a(stm32_serial.o)
 .rodata.g_uart_ops
                0x0800d160       0x30 NuttX/nuttx/arch/arm/src/libarch.a(stm32_serial.o)
 .rodata.g_uart_dma_ops
                0x0800d190       0x30 NuttX/nuttx/arch/arm/src/libarch.a(stm32_serial.o)
 .rodata.str1.1
                0x0800d1c0       0x17 NuttX/nuttx/arch/arm/src/libarch.a(stm32_dma.o)
 .rodata.__FUNCTION__.6579
                0x0800d1d7        0xd NuttX/nuttx/arch/arm/src/libarch.a(up_assert.o)
 .rodata.__FUNCTION__.6591
                0x0800d1e4        0xa NuttX/nuttx/arch/arm/src/libarch.a(up_assert.o)
 .rodata.str1.1
                0x0800d1ee      0x1c4 NuttX/nuttx/arch/arm/src/libarch.a(up_assert.o)
 .rodata.__FUNCTION__.6556
                0x0800d3b2        0xd NuttX/nuttx/arch/arm/src/libarch.a(up_assert.o)
 .rodata.__FUNCTION__.6564
                0x0800d3bf        0xc NuttX/nuttx/arch/arm/src/libarch.a(up_assert.o)
 .rodata.__FUNCTION__.6571
                0x0800d3cb       0x10 NuttX/nuttx/arch/arm/src/libarch.a(up_assert.o)
 .rodata.str1.1
                0x0800d3db       0x36 NuttX/nuttx/arch/arm/src/libarch.a(up_hardfault.o)
 .rodata.__FUNCTION__.5392
                0x0800d411        0xd NuttX/nuttx/arch/arm/src/libarch.a(up_hardfault.o)
 .rodata        0x0800d41e        0x4 NuttX/nuttx/arch/arm/src/libarch.a(stm32_vectors.o)
                0x0800d41e                g_idle_topstack
 .rodata.str1.1
                0x0800d422       0x10 NuttX/nuttx/drivers/libdrivers.a(serial.o)
 *fill*         0x0800d432        0x2 
 .rodata.g_serialops
                0x0800d434       0x18 NuttX/nuttx/drivers/libdrivers.a(serial.o)
 .rodata.g_default_channel
                0x0800d44c        0xc NuttX/nuttx/drivers/libdrivers.a(syslog_channel.o)
                0x0800d44c                g_default_channel
 .rodata.str1.1
                0x0800d458       0x11 NuttX/nuttx/fs/libfs.a(fs_inode.o)
 .rodata.str1.1
                0x0800d469       0x11 NuttX/nuttx/mm/libmm.a(mm_sem.o)
 *fill*         0x0800d47a        0x2 
 .rodata.g_tasklisttable
                0x0800d47c       0x30 NuttX/nuttx/sched/libsched.a(os_start.o)
                0x0800d47c                g_tasklisttable
 .rodata.str1.1
                0x0800d4ac       0x17 NuttX/nuttx/sched/libsched.a(os_bringup.o)
 .rodata.str1.1
                0x0800d4c3       0x11 NuttX/nuttx/sched/libsched.a(irq_attach.o)
 .rodata.str1.1
                0x0800d4d4       0x18 NuttX/nuttx/sched/libsched.a(irq_unexpectedisr.o)
 .rodata.str1.1
                0x0800d4ec       0x15 NuttX/nuttx/sched/libsched.a(sem_wait.o)
 .rodata.str1.1
                0x0800d501       0x15 NuttX/nuttx/sched/libsched.a(sem_post.o)
 .rodata.g_noname
                0x0800d516        0x9 NuttX/nuttx/sched/libsched.a(task_setup.o)
 .rodata.str1.1
                0x00000000        0xd NuttX/nuttx/sched/libsched.a(group_setupidlefiles.o)
 .rodata.str1.1
                0x0800d51f       0x11 NuttX/nuttx/sched/libsched.a(wd_cancel.o)
 .rodata.str1.1
                0x0800d530       0x17 NuttX/nuttx/arch/arm/src/libarch.a(up_blocktask.o)
 .rodata.str1.1
                0x0800d547       0x19 NuttX/nuttx/arch/arm/src/libarch.a(up_unblocktask.o)
 .rodata.g_nullstring
                0x0800d560        0x7 NuttX/nuttx/libc/libc.a(lib_libvsprintf.o)
 .rodata.str1.1
                0x0800d567       0x1c NuttX/nuttx/libc/libc.a(lib_libvsprintf.o)
 *fill*         0x0800d583        0x1 
 .rodata.g_syslog_console_channel
                0x0800d584        0xc NuttX/nuttx/drivers/libdrivers.a(syslog_consolechannel.o)
 .rodata.str1.1
                0x00000000        0xd NuttX/nuttx/drivers/libdrivers.a(syslog_consolechannel.o)
 .rodata.g_syscrlf
                0x0800d590        0x2 NuttX/nuttx/drivers/libdrivers.a(syslog_device.o)
 .rodata.str1.1
                0x0800d592       0x11 NuttX/nuttx/fs/libfs.a(fs_files.o)
 .rodata.str1.1
                0x0800d5a3       0x1d NuttX/nuttx/sched/libsched.a(sched_addprioritized.o)
 .rodata.str1.1
                0x0800d5c0       0x1b NuttX/nuttx/sched/libsched.a(sched_mergepending.o)
 .rodata.str1.1
                0x0800d5db       0x5f src/modules/px4iofirmware/libpx4iofirmware.a(px4io.c.obj)
                                 0x63 (size before relaxing)
 .rodata.r_page_config
                0x0800d63a       0x12 src/modules/px4iofirmware/libpx4iofirmware.a(registers.c.obj)
 .rodata.str1.1
                0x0800d64c       0x33 src/modules/px4iofirmware/libpx4iofirmware.a(registers.c.obj)
 .rodata.crc8_tab
                0x0800d67f      0x100 src/modules/px4iofirmware/libpx4iofirmware.a(serial.c.obj)
 .rodata.str1.1
                0x0800d77f        0xb src/modules/px4iofirmware/libpx4iofirmware.a(controls.c.obj)
                                 0x16 (size before relaxing)
 .rodata.str1.1
                0x0800d78a       0x58 src/modules/px4iofirmware/libpx4iofirmware.a(mixer.cpp.obj)
 *fill*         0x0800d7e2        0x6 
 .rodata._ZTV10MixerGroup
                0x0800d7e8       0x30 src/lib/mixer/libmixer.a(mixer_group.cpp.obj)
                0x0800d7e8                vtable for MixerGroup
 .rodata._ZTV15HelicopterMixer
                0x0800d818       0x30 src/lib/mixer/libmixer.a(mixer_helicopter.cpp.obj)
                0x0800d818                vtable for HelicopterMixer
 .rodata.str1.1
                0x0800d848       0x41 src/lib/mixer/libmixer.a(mixer_helicopter.cpp.obj)
 *fill*         0x0800d889        0x3 
 .rodata._ZN12_GLOBAL__N_1L21_config_octa_cox_wideE
                0x0800d88c       0x80 src/lib/mixer/libmixer.a(mixer_multirotor.cpp.obj)
 .rodata._ZN12_GLOBAL__N_1L17_config_octa_plusE
                0x0800d90c       0x80 src/lib/mixer/libmixer.a(mixer_multirotor.cpp.obj)
 *fill*         0x0800d98c        0x4 
 .rodata._ZTV15MultirotorMixer
                0x0800d990       0x30 src/lib/mixer/libmixer.a(mixer_multirotor.cpp.obj)
                0x0800d990                vtable for MultirotorMixer
 .rodata._ZN12_GLOBAL__N_111_config_keyE
                0x0800d9c0       0x54 src/lib/mixer/libmixer.a(mixer_multirotor.cpp.obj)
 .rodata._ZN12_GLOBAL__N_1L16_config_octa_coxE
                0x0800da14       0x80 src/lib/mixer/libmixer.a(mixer_multirotor.cpp.obj)
 .rodata._ZN12_GLOBAL__N_1L15_config_hex_coxE
                0x0800da94       0x60 src/lib/mixer/libmixer.a(mixer_multirotor.cpp.obj)
 .rodata._ZN12_GLOBAL__N_1L17_config_quad_plusE
                0x0800daf4       0x40 src/lib/mixer/libmixer.a(mixer_multirotor.cpp.obj)
 .rodata._ZN12_GLOBAL__N_1L13_config_hex_xE
                0x0800db34       0x60 src/lib/mixer/libmixer.a(mixer_multirotor.cpp.obj)
 .rodata._ZN12_GLOBAL__N_1L22_config_dodeca_top_coxE
                0x0800db94       0x60 src/lib/mixer/libmixer.a(mixer_multirotor.cpp.obj)
 .rodata._ZN12_GLOBAL__N_1L17_config_quad_wideE
                0x0800dbf4       0x40 src/lib/mixer/libmixer.a(mixer_multirotor.cpp.obj)
 .rodata._ZN12_GLOBAL__N_1L14_config_octa_xE
                0x0800dc34       0x80 src/lib/mixer/libmixer.a(mixer_multirotor.cpp.obj)
 .rodata._ZN12_GLOBAL__N_1L21_config_quad_x_pusherE
                0x0800dcb4       0x50 src/lib/mixer/libmixer.a(mixer_multirotor.cpp.obj)
 .rodata.str1.1
                0x0800dd04       0x59 src/lib/mixer/libmixer.a(mixer_multirotor.cpp.obj)
 *fill*         0x0800dd5d        0x3 
 .rodata._ZN12_GLOBAL__N_1L13_config_tri_yE
                0x0800dd60       0x30 src/lib/mixer/libmixer.a(mixer_multirotor.cpp.obj)
 .rodata._ZN12_GLOBAL__N_113_config_indexE
                0x0800dd90       0x54 src/lib/mixer/libmixer.a(mixer_multirotor.cpp.obj)
 .rodata._ZN12_GLOBAL__N_1L16_config_hex_plusE
                0x0800dde4       0x60 src/lib/mixer/libmixer.a(mixer_multirotor.cpp.obj)
 .rodata._ZN12_GLOBAL__N_1L25_config_dodeca_bottom_coxE
                0x0800de44       0x60 src/lib/mixer/libmixer.a(mixer_multirotor.cpp.obj)
 .rodata._ZN12_GLOBAL__N_1L14_config_quad_hE
                0x0800dea4       0x40 src/lib/mixer/libmixer.a(mixer_multirotor.cpp.obj)
 .rodata._ZN12_GLOBAL__N_1L14_config_quad_xE
                0x0800dee4       0x40 src/lib/mixer/libmixer.a(mixer_multirotor.cpp.obj)
 .rodata._ZN12_GLOBAL__N_1L20_config_quad_deadcatE
                0x0800df24       0x40 src/lib/mixer/libmixer.a(mixer_multirotor.cpp.obj)
 .rodata._ZN12_GLOBAL__N_1L14_config_quad_yE
                0x0800df64       0x40 src/lib/mixer/libmixer.a(mixer_multirotor.cpp.obj)
 .rodata._ZN12_GLOBAL__N_1L19_config_rotor_countE
                0x0800dfa4       0x54 src/lib/mixer/libmixer.a(mixer_multirotor.cpp.obj)
 .rodata._ZN12_GLOBAL__N_1L19_config_twin_engineE
                0x0800dff8       0x20 src/lib/mixer/libmixer.a(mixer_multirotor.cpp.obj)
 .rodata._ZN12_GLOBAL__N_1L13_config_hex_tE
                0x0800e018       0x60 src/lib/mixer/libmixer.a(mixer_multirotor.cpp.obj)
 .rodata._ZN12_GLOBAL__N_1L19_config_quad_s250aqE
                0x0800e078       0x40 src/lib/mixer/libmixer.a(mixer_multirotor.cpp.obj)
 .rodata._ZN12_GLOBAL__N_1L18_config_quad_vtailE
                0x0800e0b8       0x40 src/lib/mixer/libmixer.a(mixer_multirotor.cpp.obj)
 .rodata._ZTV11SimpleMixer
                0x0800e0f8       0x30 src/lib/mixer/libmixer.a(mixer_simple.cpp.obj)
                0x0800e0f8                vtable for SimpleMixer
 .rodata.str1.1
                0x0800e128       0x35 src/lib/mixer/libmixer.a(mixer_simple.cpp.obj)
 *fill*         0x0800e15d        0x3 
 .rodata._ZTV5Mixer
                0x0800e160       0x30 src/lib/mixer/libmixer.a(mixer.cpp.obj)
                0x0800e160                vtable for Mixer
 .rodata._ZTV9NullMixer
                0x0800e190       0x34 src/lib/mixer/libmixer.a(mixer.cpp.obj)
                0x0800e190                vtable for NullMixer
 .rodata.str1.1
                0x0800e1c4      0x238 src/lib/rc/librc.a(sumd.cpp.obj)
 .rodata._ZL12sbus_decoder
                0x0800e3fc       0xc0 src/lib/rc/librc.a(sbus.cpp.obj)
 .rodata._ZZL16dsm_guess_formatbE5masks
                0x0800e4bc       0x1c src/lib/rc/librc.a(dsm.cpp.obj)
 .rodata._ZL14lu_dbm_percent
                0x0800e4d8       0x81 src/lib/rc/librc.a(dsm.cpp.obj)
 *fill*         0x0800e559        0x1 
 .rodata.latency_buckets
                0x0800e55a       0x10 src/drivers/stm32/libdrivers_arch.a(drv_hrt.c.obj)
                0x0800e55a                latency_buckets
 *fill*         0x0800e56a        0x2 
 .rodata.io_timers
                0x0800e56c       0xa0 src/drivers/boards/px4io-v2/libdrivers_board.a(timer_config.c.obj)
                0x0800e56c                io_timers
 .rodata.timer_io_channels
                0x0800e60c       0x80 src/drivers/boards/px4io-v2/libdrivers_board.a(timer_config.c.obj)
                0x0800e60c                timer_io_channels
 .rodata.str1.1
                0x0800e68c       0x19 NuttX/nuttx/libxx/libcxx.a(libxx_cxapurevirtual.o)
 *fill*         0x0800e6a5        0x3 
 .rodata.crc32_tab
                0x0800e6a8      0x400 NuttX/nuttx/libc/libc.a(lib_crc32.o)
 .rodata.str1.1
                0x0800eaa8       0x1d NuttX/nuttx/libc/libc.a(lib_sscanf.o)
 .rodata.spaces
                0x0800eac5        0x7 NuttX/nuttx/libc/libc.a(lib_sscanf.o)
 .rodata.CSWTCH.20
                0x0800eacc       0x21 NuttX/nuttx/libc/libc.a(lib_sscanf.o)
 .rodata.CSWTCH.21
                0x0800eaed       0x21 NuttX/nuttx/libc/libc.a(lib_sscanf.o)
 *fill*         0x0800eb0e        0x2 
 .rodata.str1.4
                0x0800eb10        0x8 /opt/gcc-arm-none-eabi-4_9-2015q3/bin/../lib/gcc/arm-none-eabi/4.9.3/../../../../arm-none-eabi/lib/armv7-m/libm.a(lib_a-wf_sqrt.o)
                                  0x6 (size before relaxing)
 .rodata.npio2_hw
                0x0800eb18       0x80 /opt/gcc-arm-none-eabi-4_9-2015q3/bin/../lib/gcc/arm-none-eabi/4.9.3/../../../../arm-none-eabi/lib/armv7-m/libm.a(lib_a-ef_rem_pio2.o)
 .rodata.two_over_pi
                0x0800eb98      0x318 /opt/gcc-arm-none-eabi-4_9-2015q3/bin/../lib/gcc/arm-none-eabi/4.9.3/../../../../arm-none-eabi/lib/armv7-m/libm.a(lib_a-ef_rem_pio2.o)
 .rodata.init_jk
                0x0800eeb0        0xc /opt/gcc-arm-none-eabi-4_9-2015q3/bin/../lib/gcc/arm-none-eabi/4.9.3/../../../../arm-none-eabi/lib/armv7-m/libm.a(lib_a-kf_rem_pio2.o)
 .rodata.PIo2   0x0800eebc       0x2c /opt/gcc-arm-none-eabi-4_9-2015q3/bin/../lib/gcc/arm-none-eabi/4.9.3/../../../../arm-none-eabi/lib/armv7-m/libm.a(lib_a-kf_rem_pio2.o)
 *(.gnu.linkonce.t.*)
 *(.glue_7)
 .glue_7        0x00000000        0x0 linker stubs
 *(.glue_7t)
 .glue_7t       0x00000000        0x0 linker stubs
 *(.got)
 *(.gcc_except_table)
 *(.gnu.linkonce.r.*)
                0x0800eee8                _etext = ABSOLUTE (.)
                0x08002eac                __errno = get_errno_ptr

.vfp11_veneer   0x0800eee8        0x0
 .vfp11_veneer  0x00000000        0x0 linker stubs

.v4_bx          0x0800eee8        0x0
 .v4_bx         0x00000000        0x0 linker stubs

.iplt           0x0800eee8        0x0
 .iplt          0x00000000        0x0 platforms/nuttx/CMakeFiles/nuttx_px4io-v2_default.elf.dir/__/__/src/platforms/empty.c.obj

.init_section   0x0800eee8        0x4
                0x0800eee8                _sinit = ABSOLUTE (.)
 *(.init_array .init_array.*)
 .init_array    0x0800eee8        0x4 src/modules/px4iofirmware/libpx4iofirmware.a(mixer.cpp.obj)
                0x0800eeec                _einit = ABSOLUTE (.)

.ARM.extab
 *(.ARM.extab*)
                0x0800eeec                __exidx_start = ABSOLUTE (.)

.ARM.exidx      0x0800eeec        0x8
 *(.ARM.exidx*)
 .ARM.exidx     0x0800eeec        0x8 /opt/gcc-arm-none-eabi-4_9-2015q3/bin/../lib/gcc/arm-none-eabi/4.9.3/armv7-m/libgcc.a(_divdi3.o)
 .ARM.exidx     0x0800eef4        0x0 /opt/gcc-arm-none-eabi-4_9-2015q3/bin/../lib/gcc/arm-none-eabi/4.9.3/armv7-m/libgcc.a(_udivdi3.o)
                                  0x8 (size before relaxing)
                0x0800eef4                __exidx_end = ABSOLUTE (.)
                0x0800eef4                _eronly = ABSOLUTE (.)

.rel.dyn        0x0800eef4        0x0
 .rel.iplt      0x00000000        0x0 platforms/nuttx/CMakeFiles/nuttx_px4io-v2_default.elf.dir/__/__/src/platforms/empty.c.obj

.data           0x20000000      0x22c load address 0x0800eef4
                0x20000000                _sdata = ABSOLUTE (.)
 *(.data .data.*)
 .data.g_usart1priv
                0x20000000       0x68 NuttX/nuttx/arch/arm/src/libarch.a(stm32_serial.o)
 .data.g_usart2priv
                0x20000068       0x68 NuttX/nuttx/arch/arm/src/libarch.a(stm32_serial.o)
 .data.g_usart3priv
                0x200000d0       0x68 NuttX/nuttx/arch/arm/src/libarch.a(stm32_serial.o)
 .data.g_dma    0x20000138       0x70 NuttX/nuttx/arch/arm/src/libarch.a(stm32_dma.o)
 .data.g_syslog_mask
                0x200001a8        0x1 NuttX/nuttx/libc/libc.a(lib_setlogmask.o)
                0x200001a8                g_syslog_mask
 *fill*         0x200001a9        0x3 
 .data.g_syslog_channel
                0x200001ac        0x4 NuttX/nuttx/drivers/libdrivers.a(syslog_channel.o)
                0x200001ac                g_syslog_channel
 .data.brightness.7235
                0x200001b0        0x4 src/modules/px4iofirmware/libpx4iofirmware.a(px4io.c.obj)
 .data.r_page_servo_control_min
                0x200001b4       0x10 src/modules/px4iofirmware/libpx4iofirmware.a(registers.c.obj)
                0x200001b4                r_page_servo_control_min
 .data.r_page_servo_control_max